<html>
<body>
<pre>
<h1>µVision Build Log</h1>
<h2>Tool Versions:</h2>
IDE-Version: ÂµVision V5.42.0.0
Copyright (C) 2025 ARM Ltd and ARM Germany GmbH. All rights reserved.
License Information: 1 USER, 1, LIC=TIVNB-2KYNJ-WFQI7-EHNE5-LH2EA-R28D2
 
Tool Versions:
Toolchain:       MDK-ARM Plus  Version: 5.42.0.0
Toolchain Path:  C:\Users\USER\AppData\Local\Keil_v5\ARM\ARMCLANG\Bin
C Compiler:      ArmClang.exe V6.23
Assembler:       Armasm.exe V6.23
Linker/Locator:  ArmLink.exe V6.23
Library Manager: ArmAr.exe V6.23
Hex Converter:   FromElf.exe V6.23
CPU DLL:         SARMCM3.DLL V5.42.0.0
Dialog DLL:      DARMCM1.DLL V1.19.6.0
Target DLL:      UL2CM3.DLL V1.164.14.0
Dialog DLL:      TARMCM1.DLL V1.14.6.0
 
<h2>Project:</h2>
C:\Users\USER\Desktop\OTA_Bootloader\NUC1261_Bootloader\Keil\NUC1261_Bootloader.uvprojx
Project File Date:  02/28/2026

<h2>Output:</h2>
*** Using Compiler 'V6.23', folder: 'C:\Users\USER\AppData\Local\Keil_v5\ARM\ARMCLANG\Bin'
Rebuild target 'NUC1261_Bootloader'
compiling crc.c...
compiling retarget.c...
compiling system_NUC1261.c...
compiling MeterV52PinConfig.c...
compiling gpio.c...
assembling startup_NUC1261.s...
compiling main.c...
compiling sys.c...
compiling Select_fw.c...
compiling fmc_user.c...
compiling uart.c...
compiling BootloaderProcess.c...
compiling fmc.c...
compiling uart_drv.c...
compiling clk.c...
compiling wdt.c...
linking...
.\Objects\NUC1261_Bootloader.axf: Warning: L6305W: Image does not have an entry point. (Not specified or not set due to multiple choices.)
Program Size: Code=16732 RO-data=840 RW-data=12 ZI-data=6148  
Finished: 0 information, 1 warning and 0 error messages.
".\Objects\NUC1261_Bootloader.axf" - 0 Error(s), 1 Warning(s).

<h2>Software Packages used:</h2>

Package Vendor: Nuvoton
                https://github.com/OpenNuvoton/cmsis-packs/raw/master/Nuvoton_DFP/Nuvoton.NuMicroM0_DFP.1.0.0.pack
                Nuvoton::NuMicroM0_DFP@1.0.0
                Nuvoton ARM Cortex-M0 NuMicro Family Device Support

<h2>Collection of Component include folders:</h2>
  C:/Users/USER/AppData/Local/Arm/Packs/Nuvoton/NuMicroM0_DFP/1.0.0/Device/NUC1261/Include

<h2>Collection of Component Files used:</h2>
Build Time Elapsed:  00:00:02
</pre>
</body>
</html>
