Component: Arm Compiler for Embedded 6.23 Tool: armlink [5f102400]

==============================================================================

Section Cross References

    system_nuc1261.o(.text.SystemCoreClockUpdate) refers to system_nuc1261.o(.text.CLK_GetPLLClockFreq) for CLK_GetPLLClockFreq
    system_nuc1261.o(.text.SystemCoreClockUpdate) refers to aeabi_sdiv.o(.text) for __aeabi_uidiv
    system_nuc1261.o(.text.SystemCoreClockUpdate) refers to system_nuc1261.o(.data.PllClock) for PllClock
    system_nuc1261.o(.text.SystemCoreClockUpdate) refers to system_nuc1261.o(.rodata.gau32ClkSrcTbl) for gau32ClkSrcTbl
    system_nuc1261.o(.text.SystemCoreClockUpdate) refers to system_nuc1261.o(.data.SystemCoreClock) for SystemCoreClock
    system_nuc1261.o(.text.SystemCoreClockUpdate) refers to system_nuc1261.o(.data.CyclesPerUs) for CyclesPerUs
    system_nuc1261.o(.ARM.exidx.text.SystemCoreClockUpdate) refers to system_nuc1261.o(.text.SystemCoreClockUpdate) for [Anonymous Symbol]
    system_nuc1261.o(.text.CLK_GetPLLClockFreq) refers to aeabi_sdiv.o(.text) for __aeabi_uidiv
    system_nuc1261.o(.ARM.exidx.text.CLK_GetPLLClockFreq) refers to system_nuc1261.o(.text.CLK_GetPLLClockFreq) for [Anonymous Symbol]
    system_nuc1261.o(.ARM.exidx.text.SystemInit) refers to system_nuc1261.o(.text.SystemInit) for [Anonymous Symbol]
    startup_nuc1261.o(STACK) refers (Special) to heapauxi.o(.text) for __use_two_region_memory
    startup_nuc1261.o(HEAP) refers (Special) to heapauxi.o(.text) for __use_two_region_memory
    startup_nuc1261.o(RESET) refers (Special) to heapauxi.o(.text) for __use_two_region_memory
    startup_nuc1261.o(RESET) refers to startup_nuc1261.o(STACK) for __initial_sp
    startup_nuc1261.o(RESET) refers to startup_nuc1261.o(.text) for Reset_Handler
    startup_nuc1261.o(RESET) refers to uart_drv.o(.text.UART02_IRQHandler) for UART02_IRQHandler
    startup_nuc1261.o(RESET) refers to uart_drv.o(.text.UART1_IRQHandler) for UART1_IRQHandler
    startup_nuc1261.o(.text) refers (Special) to heapauxi.o(.text) for __use_two_region_memory
    startup_nuc1261.o(.text) refers to system_nuc1261.o(.text.SystemInit) for SystemInit
    startup_nuc1261.o(.text) refers to __main.o(!!!main) for __main
    startup_nuc1261.o(.text) refers to retarget.o(.text.ProcessHardFault) for ProcessHardFault
    startup_nuc1261.o(.text) refers to startup_nuc1261.o(HEAP) for Heap_Mem
    startup_nuc1261.o(.text) refers to startup_nuc1261.o(STACK) for Stack_Mem
    startup_nuc1261.o(.text) refers to retarget.o(.text.SH_Return) for SH_Return
    main.o(.text.SYS_Init) refers to clk.o(.text.CLK_EnableXtalRC) for CLK_EnableXtalRC
    main.o(.text.SYS_Init) refers to clk.o(.text.CLK_WaitClockReady) for CLK_WaitClockReady
    main.o(.text.SYS_Init) refers to clk.o(.text.CLK_SetHCLK) for CLK_SetHCLK
    main.o(.text.SYS_Init) refers to clk.o(.text.CLK_SetCoreClock) for CLK_SetCoreClock
    main.o(.text.SYS_Init) refers to clk.o(.text.CLK_SetSysTickClockSrc) for CLK_SetSysTickClockSrc
    main.o(.text.SYS_Init) refers to clk.o(.text.CLK_EnableModuleClock) for CLK_EnableModuleClock
    main.o(.text.SYS_Init) refers to clk.o(.text.CLK_SetModuleClock) for CLK_SetModuleClock
    main.o(.ARM.exidx.text.SYS_Init) refers to main.o(.text.SYS_Init) for [Anonymous Symbol]
    main.o(.text.WDT_Init) refers to main.o(.text.WDT_Close) for WDT_Close
    main.o(.text.WDT_Init) refers to wdt.o(.text.WDT_Open) for WDT_Open
    main.o(.text.WDT_Init) refers to main.o(.text.WDT_EnableInt) for WDT_EnableInt
    main.o(.text.WDT_Init) refers to main.o(.text.NVIC_EnableIRQ) for NVIC_EnableIRQ
    main.o(.ARM.exidx.text.WDT_Init) refers to main.o(.text.WDT_Init) for [Anonymous Symbol]
    main.o(.text.WDT_Close) refers to system_nuc1261.o(.data.SystemCoreClock) for SystemCoreClock
    main.o(.ARM.exidx.text.WDT_Close) refers to main.o(.text.WDT_Close) for [Anonymous Symbol]
    main.o(.text.WDT_EnableInt) refers to system_nuc1261.o(.data.SystemCoreClock) for SystemCoreClock
    main.o(.ARM.exidx.text.WDT_EnableInt) refers to main.o(.text.WDT_EnableInt) for [Anonymous Symbol]
    main.o(.ARM.exidx.text.NVIC_EnableIRQ) refers to main.o(.text.NVIC_EnableIRQ) for [Anonymous Symbol]
    main.o(.text.DataFlashConfig) refers to fmc.o(.text.FMC_Open) for FMC_Open
    main.o(.text.DataFlashConfig) refers to fmc.o(.text.FMC_ReadConfig) for FMC_ReadConfig
    main.o(.text.DataFlashConfig) refers to fmc.o(.text.FMC_ReadDataFlashBaseAddr) for FMC_ReadDataFlashBaseAddr
    main.o(.text.DataFlashConfig) refers to fmc.o(.text.FMC_WriteConfig) for FMC_WriteConfig
    main.o(.text.DataFlashConfig) refers to main.o(.text.NVIC_SystemReset) for NVIC_SystemReset
    main.o(.ARM.exidx.text.DataFlashConfig) refers to main.o(.text.DataFlashConfig) for [Anonymous Symbol]
    main.o(.ARM.exidx.text.NVIC_SystemReset) refers to main.o(.text.NVIC_SystemReset) for [Anonymous Symbol]
[...]
    __arm_cp.7_1                             0x00003698   Number         4  uart_drv.o(.text.ResetHostUART)
    __arm_cp.7_2                             0x0000369c   Number         4  uart_drv.o(.text.ResetHostUART)
    __arm_cp.7_3                             0x000036a0   Number         4  uart_drv.o(.text.ResetHostUART)
    __arm_cp.7_4                             0x000036a4   Number         4  uart_drv.o(.text.ResetHostUART)
    __arm_cp.7_5                             0x000036a8   Number         4  uart_drv.o(.text.ResetHostUART)
    [Anonymous Symbol]                       0x000036ac   Section        0  retarget.o(.text.SH_Return)
    [Anonymous Symbol]                       0x000036bc   Section        0  main.o(.text.SYS_Init)
    __arm_cp.0_0                             0x000037b0   Number         4  main.o(.text.SYS_Init)
    __arm_cp.0_1                             0x000037b4   Number         4  main.o(.text.SYS_Init)
    __arm_cp.0_2                             0x000037b8   Number         4  main.o(.text.SYS_Init)
    __arm_cp.0_3                             0x000037bc   Number         4  main.o(.text.SYS_Init)
    __arm_cp.0_4                             0x000037c0   Number         4  main.o(.text.SYS_Init)
    __arm_cp.0_5                             0x000037c4   Number         4  main.o(.text.SYS_Init)
    __arm_cp.0_6                             0x000037c8   Number         4  main.o(.text.SYS_Init)
    __arm_cp.0_7                             0x000037cc   Number         4  main.o(.text.SYS_Init)
    __arm_cp.0_8                             0x000037d0   Number         4  main.o(.text.SYS_Init)
    __arm_cp.0_9                             0x000037d4   Number         4  main.o(.text.SYS_Init)
    [Anonymous Symbol]                       0x000037d8   Section        0  sys.o(.text.SYS_ResetModule)
    __arm_cp.7_0                             0x0000380c   Number         4  sys.o(.text.SYS_ResetModule)
    __arm_cp.7_1                             0x00003810   Number         4  sys.o(.text.SYS_ResetModule)
    SYS_UnlockReg                            0x00003815   Thumb Code    52  main.o(.text.SYS_UnlockReg)
    [Anonymous Symbol]                       0x00003814   Section        0  main.o(.text.SYS_UnlockReg)
    SYS_UnlockReg                            0x00003849   Thumb Code    52  select_fw.o(.text.SYS_UnlockReg)
    [Anonymous Symbol]                       0x00003848   Section        0  select_fw.o(.text.SYS_UnlockReg)
    __arm_cp.4_0                             0x0000387c   Number         4  select_fw.o(.text.SYS_UnlockReg)
    __arm_cp.4_1                             0x00003880   Number         4  select_fw.o(.text.SYS_UnlockReg)
    [Anonymous Symbol]                       0x00003884   Section        0  retarget.o(.text.SendChar)
    [Anonymous Symbol]                       0x00003894   Section        0  retarget.o(.text.SendChar_ToUART)
    [Anonymous Symbol]                       0x000038d4   Section        0  bootloaderprocess.o(.text.SendHost_OTAPackNo)
    __arm_cp.5_0                             0x000038ec   Number         4  bootloaderprocess.o(.text.SendHost_OTAPackNo)
    __arm_cp.5_2                             0x000038f0   Number         4  bootloaderprocess.o(.text.SendHost_OTAPackNo)
    [Anonymous Symbol]                       0x000038f4   Section        0  bootloaderprocess.o(.text.SendHost_SystemInformation)
    __arm_cp.4_0                             0x00003910   Number         4  bootloaderprocess.o(.text.SendHost_SystemInformation)
    __arm_cp.4_1                             0x00003914   Number         4  bootloaderprocess.o(.text.SendHost_SystemInformation)
    __arm_cp.4_2                             0x00003918   Number         4  bootloaderprocess.o(.text.SendHost_SystemInformation)
    [Anonymous Symbol]                       0x0000391c   Section        0  system_nuc1261.o(.text.SystemCoreClockUpdate)
    __arm_cp.0_0                             0x0000397c   Number         4  system_nuc1261.o(.text.SystemCoreClockUpdate)
    __arm_cp.0_1                             0x00003980   Number         4  system_nuc1261.o(.text.SystemCoreClockUpdate)
    __arm_cp.0_2                             0x00003984   Number         4  system_nuc1261.o(.text.SystemCoreClockUpdate)
    __arm_cp.0_3                             0x00003988   Number         4  system_nuc1261.o(.text.SystemCoreClockUpdate)
    __arm_cp.0_4                             0x0000398c   Number         4  system_nuc1261.o(.text.SystemCoreClockUpdate)
    __arm_cp.0_5                             0x00003990   Number         4  system_nuc1261.o(.text.SystemCoreClockUpdate)
    __arm_cp.0_6                             0x00003994   Number         4  system_nuc1261.o(.text.SystemCoreClockUpdate)
    __arm_cp.0_7                             0x00003998   Number         4  system_nuc1261.o(.text.SystemCoreClockUpdate)
    [Anonymous Symbol]                       0x0000399c   Section        0  system_nuc1261.o(.text.SystemInit)
    [Anonymous Symbol]                       0x000039a0   Section        0  uart_drv.o(.text.UART02_IRQHandler)
    __arm_cp.0_0                             0x00003b14   Number         4  uart_drv.o(.text.UART02_IRQHandler)
    __arm_cp.0_1                             0x00003b18   Number         4  uart_drv.o(.text.UART02_IRQHandler)
    __arm_cp.0_3                             0x00003b1c   Number         4  uart_drv.o(.text.UART02_IRQHandler)
    __arm_cp.0_4                             0x00003b20   Number         4  uart_drv.o(.text.UART02_IRQHandler)
    __arm_cp.0_5                             0x00003b24   Number         4  uart_drv.o(.text.UART02_IRQHandler)
    __arm_cp.0_6                             0x00003b28   Number         4  uart_drv.o(.text.UART02_IRQHandler)
    __arm_cp.0_7                             0x00003b2c   Number         4  uart_drv.o(.text.UART02_IRQHandler)
    __arm_cp.0_8                             0x00003b30   Number         4  uart_drv.o(.text.UART02_IRQHandler)
    __arm_cp.0_9                             0x00003b34   Number         4  uart_drv.o(.text.UART02_IRQHandler)
    __arm_cp.0_10                            0x00003b38   Number         4  uart_drv.o(.text.UART02_IRQHandler)
    __arm_cp.0_11                            0x00003b3c   Number         4  uart_drv.o(.text.UART02_IRQHandler)
    [Anonymous Symbol]                       0x00003b40   Section        0  uart_drv.o(.text.UART0_Init)
    __arm_cp.2_0                             0x00003b74   Number         4  uart_drv.o(.text.UART0_Init)
    __arm_cp.2_1                             0x00003b78   Number         4  uart_drv.o(.text.UART0_Init)
    __arm_cp.2_2                             0x00003b7c   Number         4  uart_drv.o(.text.UART0_Init)
    [Anonymous Symbol]                       0x00003b80   Section        0  uart_drv.o(.text.UART1_IRQHandler)
    __arm_cp.1_0                             0x00003cf4   Number         4  uart_drv.o(.text.UART1_IRQHandler)
    __arm_cp.1_1                             0x00003cf8   Number         4  uart_drv.o(.text.UART1_IRQHandler)
    __arm_cp.1_3                             0x00003cfc   Number         4  uart_drv.o(.text.UART1_IRQHandler)
    __arm_cp.1_4                             0x00003d00   Number         4  uart_drv.o(.text.UART1_IRQHandler)
    __arm_cp.1_5                             0x00003d04   Number         4  uart_drv.o(.text.UART1_IRQHandler)
    __arm_cp.1_6                             0x00003d08   Number         4  uart_drv.o(.text.UART1_IRQHandler)
    __arm_cp.1_7                             0x00003d0c   Number         4  uart_drv.o(.text.UART1_IRQHandler)
    __arm_cp.1_8                             0x00003d10   Number         4  uart_drv.o(.text.UART1_IRQHandler)
    __arm_cp.1_9                             0x00003d14   Number         4  uart_drv.o(.text.UART1_IRQHandler)
    __arm_cp.1_10                            0x00003d18   Number         4  uart_drv.o(.text.UART1_IRQHandler)
    __arm_cp.1_11                            0x00003d1c   Number         4  uart_drv.o(.text.UART1_IRQHandler)
    [Anonymous Symbol]                       0x00003d20   Section        0  uart_drv.o(.text.UART1_Init)
    __arm_cp.4_0                             0x00003d54   Number         4  uart_drv.o(.text.UART1_Init)
    __arm_cp.4_1                             0x00003d58   Number         4  uart_drv.o(.text.UART1_Init)
    [Anonymous Symbol]                       0x00003d5c   Section        0  uart.o(.text.UART_DisableInt)
    __arm_cp.3_0                             0x00003da0   Number         4  uart.o(.text.UART_DisableInt)
    [Anonymous Symbol]                       0x00003da4   Section        0  uart.o(.text.UART_EnableInt)
    __arm_cp.6_0                             0x00003de8   Number         4  uart.o(.text.UART_EnableInt)
    __arm_cp.6_1                             0x00003dec   Number         4  uart.o(.text.UART_EnableInt)
    [Anonymous Symbol]                       0x00003df0   Section        0  uart.o(.text.UART_Open)
    __arm_cp.8_0                             0x00003ec8   Number         4  uart.o(.text.UART_Open)
    __arm_cp.8_1                             0x00003ecc   Number         4  uart.o(.text.UART_Open)
    __arm_cp.8_2                             0x00003ed0   Number         4  uart.o(.text.UART_Open)
    __arm_cp.8_3                             0x00003ed4   Number         4  uart.o(.text.UART_Open)
    __arm_cp.8_4                             0x00003ed8   Number         4  uart.o(.text.UART_Open)
    [Anonymous Symbol]                       0x00003edc   Section        0  bootloaderprocess.o(.text.VectorTable_Patcher)
    __arm_cp.11_1                            0x00003f40   Number         4  bootloaderprocess.o(.text.VectorTable_Patcher)
    __arm_cp.11_2                            0x00003f44   Number         4  bootloaderprocess.o(.text.VectorTable_Patcher)
    WDT_Close                                0x00003f49   Thumb Code    48  main.o(.text.WDT_Close)
    [Anonymous Symbol]                       0x00003f48   Section        0  main.o(.text.WDT_Close)
    WDT_EnableInt                            0x00003f79   Thumb Code    52  main.o(.text.WDT_EnableInt)
    [Anonymous Symbol]                       0x00003f78   Section        0  main.o(.text.WDT_EnableInt)
    __arm_cp.3_0                             0x00003fac   Number         4  main.o(.text.WDT_EnableInt)
    [Anonymous Symbol]                       0x00003fb0   Section        0  main.o(.text.WDT_Init)
    __arm_cp.1_0                             0x00003fdc   Number         4  main.o(.text.WDT_Init)
    __arm_cp.1_1                             0x00003fe0   Number         4  main.o(.text.WDT_Init)
    [Anonymous Symbol]                       0x00003fe4   Section        0  wdt.o(.text.WDT_Open)
    __arm_cp.0_0                             0x00004010   Number         4  wdt.o(.text.WDT_Open)
    __arm_cp.0_1                             0x00004014   Number         4  wdt.o(.text.WDT_Open)
    [Anonymous Symbol]                       0x00004018   Section        0  uart_drv.o(.text._SendStringToHOST)
    __arm_cp.6_0                             0x000040b8   Number         4  uart_drv.o(.text._SendStringToHOST)
    __arm_cp.6_1                             0x000040bc   Number         4  uart_drv.o(.text._SendStringToHOST)
    __arm_cp.6_2                             0x000040c0   Number         4  uart_drv.o(.text._SendStringToHOST)
    __arm_cp.6_3                             0x000040c4   Number         4  uart_drv.o(.text._SendStringToHOST)
    __arm_cp.6_4                             0x000040c8   Number         4  uart_drv.o(.text._SendStringToHOST)
    [Anonymous Symbol]                       0x000040cc   Section        0  retarget.o(.text.ferror)
    [Anonymous Symbol]                       0x000040d8   Section        0  retarget.o(.text.fputc)
    [Anonymous Symbol]                       0x000040ec   Section        0  main.o(.text.main)
    __arm_cp.7_0                             0x00004134   Number         4  main.o(.text.main)
    i.__ARM_common_ll_muluu                  0x00004138   Section        0  btod.o(i.__ARM_common_ll_muluu)
    i.__ARM_fpclassify                       0x00004168   Section        0  fpclassify.o(i.__ARM_fpclassify)
    i._is_digit                              0x00004194   Section        0  __printf_wp.o(i._is_digit)
    locale$$code                             0x000041a4   Section       44  lc_numeric_c.o(locale$$code)
    locale$$code                             0x000041d0   Section       44  lc_ctype_c.o(locale$$code)
    x$fpl$printf1                            0x000041fc   Section       16  printf1.o(x$fpl$printf1)
    x$fpl$printf2                            0x0000420c   Section       16  printf2.o(x$fpl$printf2)
    initial_mbstate                          0x0000421c   Data           8  _printf_wctomb.o(.constdata)
    .constdata                               0x0000421c   Section        8  _printf_wctomb.o(.constdata)
    x$fpl$usenofp                            0x0000421c   Section        0  usenofp.o(x$fpl$usenofp)
    uc_hextab                                0x00004224   Data          20  _printf_hex_int_ll_ptr.o(.constdata)
    .constdata                               0x00004224   Section       40  _printf_hex_int_ll_ptr.o(.constdata)
    lc_hextab                                0x00004238   Data          20  _printf_hex_int_ll_ptr.o(.constdata)
    maptable                                 0x0000424c   Data          17  __printf_flags_ss_wp.o(.constdata)
    .constdata                               0x0000424c   Section       17  __printf_flags_ss_wp.o(.constdata)
    lc_hextab                                0x0000425d   Data          19  _printf_fp_hex.o(.constdata)
    .constdata                               0x0000425d   Section       38  _printf_fp_hex.o(.constdata)
    uc_hextab                                0x00004270   Data          19  _printf_fp_hex.o(.constdata)
    tenpwrs_x                                0x00004284   Data          60  bigflt0.o(.constdata)
    .constdata                               0x00004284   Section      148  bigflt0.o(.constdata)
    tenpwrs_i                                0x000042c0   Data          64  bigflt0.o(.constdata)
    [Anonymous Symbol]                       0x00004348   Section        0  retarget.o(.rodata.str1.1)
    locale$$data                             0x00004378   Section       28  lc_numeric_c.o(locale$$data)
    __lcnum_c_name                           0x0000437c   Data           2  lc_numeric_c.o(locale$$data)
    __lcnum_c_start                          0x00004384   Data           0  lc_numeric_c.o(locale$$data)
    __lcnum_c_point                          0x00004390   Data           0  lc_numeric_c.o(locale$$data)
    __lcnum_c_thousands                      0x00004392   Data           0  lc_numeric_c.o(locale$$data)
    __lcnum_c_grouping                       0x00004393   Data           0  lc_numeric_c.o(locale$$data)
    __lcnum_c_end                            0x00004394   Data           0  lc_numeric_c.o(locale$$data)
    locale$$data                             0x00004394   Section      272  lc_ctype_c.o(locale$$data)
    __lcctype_c_name                         0x00004398   Data           2  lc_ctype_c.o(locale$$data)
    __lcctype_c_start                        0x000043a0   Data           0  lc_ctype_c.o(locale$$data)
    __lcctype_c_end                          0x000044a4   Data           0  lc_ctype_c.o(locale$$data)
    .bss                                     0x20000010   Section       96  libspace.o(.bss)
    Heap_Mem                                 0x20001410   Data           0  startup_nuc1261.o(HEAP)
    Stack_Mem                                0x20001410   Data        1024  startup_nuc1261.o(STACK)
    HEAP                                     0x20001410   Section        0  startup_nuc1261.o(HEAP)
    STACK                                    0x20001410   Section     1024  startup_nuc1261.o(STACK)
    __initial_sp                             0x20001810   Data           0  startup_nuc1261.o(STACK)

    Global Symbols

    Symbol Name                              Value     Ov Type        Size  Object(Section)

    BuildAttributes$$THM_ISAv3M$S$PE$A:L22$X:L11$S22$IEEE1$IW$~IW$USESV6$~STKCKD$USESV7$~SHL$OTIME$ROPI$IEEEJ$EBA8$UX$STANDARDLIB$REQ8$PRES8$EABIv2 0x00000000   Number         0  anon$$obj.o ABSOLUTE
    __Vectors                                0x00000000   Data           4  startup_nuc1261.o(RESET)
    _printf_flags                            0x00000000   Number         0  printf_stubs.o ABSOLUTE
    _printf_return_value                     0x00000000   Number         0  printf_stubs.o ABSOLUTE
    _printf_sizespec                         0x00000000   Number         0  printf_stubs.o ABSOLUTE
    _printf_widthprec                        0x00000000   Number         0  printf_stubs.o ABSOLUTE
    __ARM_exceptions_init                     - Undefined Weak Reference
    __alloca_initialize                       - Undefined Weak Reference
    __arm_preinit_                            - Undefined Weak Reference
    __arm_relocate_pie_                       - Undefined Weak Reference
    __cpp_initialize__aeabi_                  - Undefined Weak Reference
    __cxa_finalize                            - Undefined Weak Reference
    __sigvec_lookup                           - Undefined Weak Reference
    _atexit_init                              - Undefined Weak Reference
    _call_atexit_fns                          - Undefined Weak Reference
    _clock_init                               - Undefined Weak Reference
    _fp_trap_init                             - Undefined Weak Reference
    _fp_trap_shutdown                         - Undefined Weak Reference
    _get_lc_collate                           - Undefined Weak Reference
    _get_lc_monetary                          - Undefined Weak Reference
    _get_lc_time                              - Undefined Weak Reference
    _getenv_init                              - Undefined Weak Reference
    _handle_redirection                       - Undefined Weak Reference
    _init_alloc                               - Undefined Weak Reference
    _init_user_alloc                          - Undefined Weak Reference
    _initio                                   - Undefined Weak Reference
    _printf_mbtowc                            - Undefined Weak Reference
    _printf_wc                                - Undefined Weak Reference
    _rand_init                                - Undefined Weak Reference
    _signal_finish                            - Undefined Weak Reference
    _signal_init                              - Undefined Weak Reference
    _terminate_alloc                          - Undefined Weak Reference
    _terminate_user_alloc                     - Undefined Weak Reference
    _terminateio                              - Undefined Weak Reference
    __main                                   0x000000c1   Thumb Code     8  __main.o(!!!main)
    __scatterload                            0x000000c9   Thumb Code     0  __scatter.o(!!!scatter)
    __scatterload_rt2                        0x000000c9   Thumb Code    74  __scatter.o(!!!scatter)
    __scatterload_rt2_thumb_only             0x000000c9   Thumb Code     0  __scatter.o(!!!scatter)
    __scatterload_loop                       0x000000d3   Thumb Code     0  __scatter.o(!!!scatter)
    __scatterload_copy                       0x0000011d   Thumb Code    26  __scatter_copy.o(!!handler_copy)
    __scatterload_null                       0x00000139   Thumb Code     2  __scatter.o(!!handler_null)
    __scatterload_zeroinit                   0x0000013d   Thumb Code    28  __scatter_zi.o(!!handler_zi)
    _printf_percent                          0x00000159   Thumb Code     0  _printf_percent.o(.ARM.Collect$$_printf_percent$$00000000)
    _printf_n                                0x0000015b   Thumb Code     0  _printf_n.o(.ARM.Collect$$_printf_percent$$00000001)
    _printf_p                                0x00000165   Thumb Code     0  _printf_p.o(.ARM.Collect$$_printf_percent$$00000002)
    _printf_f                                0x0000016f   Thumb Code     0  _printf_f.o(.ARM.Collect$$_printf_percent$$00000003)
    _printf_e                                0x00000179   Thumb Code     0  _printf_e.o(.ARM.Collect$$_printf_percent$$00000004)
    _printf_g                                0x00000183   Thumb Code     0  _printf_g.o(.ARM.Collect$$_printf_percent$$00000005)
    _printf_a                                0x0000018d   Thumb Code     0  _printf_a.o(.ARM.Collect$$_printf_percent$$00000006)
    _printf_ll                               0x00000197   Thumb Code     0  _printf_ll.o(.ARM.Collect$$_printf_percent$$00000007)
    _printf_i                                0x000001a1   Thumb Code     0  _printf_i.o(.ARM.Collect$$_printf_percent$$00000008)
    _printf_d                                0x000001ab   Thumb Code     0  _printf_d.o(.ARM.Collect$$_printf_percent$$00000009)
    _printf_u                                0x000001b5   Thumb Code     0  _printf_u.o(.ARM.Collect$$_printf_percent$$0000000A)
    _printf_o                                0x000001bf   Thumb Code     0  _printf_o.o(.ARM.Collect$$_printf_percent$$0000000B)
    _printf_x                                0x000001c9   Thumb Code     0  _printf_x.o(.ARM.Collect$$_printf_percent$$0000000C)
    _printf_lli                              0x000001d3   Thumb Code     0  _printf_lli.o(.ARM.Collect$$_printf_percent$$0000000D)
    _printf_lld                              0x000001dd   Thumb Code     0  _printf_lld.o(.ARM.Collect$$_printf_percent$$0000000E)
    _printf_llu                              0x000001e7   Thumb Code     0  _printf_llu.o(.ARM.Collect$$_printf_percent$$0000000F)
    _printf_llo                              0x000001f1   Thumb Code     0  _printf_llo.o(.ARM.Collect$$_printf_percent$$00000010)
    _printf_llx                              0x000001fb   Thumb Code     0  _printf_llx.o(.ARM.Collect$$_printf_percent$$00000011)
    _printf_l                                0x00000205   Thumb Code     0  _printf_l.o(.ARM.Collect$$_printf_percent$$00000012)
    _printf_c                                0x0000020f   Thumb Code     0  _printf_c.o(.ARM.Collect$$_printf_percent$$00000013)
    _printf_s                                0x00000219   Thumb Code     0  _printf_s.o(.ARM.Collect$$_printf_percent$$00000014)
    _printf_lc                               0x00000223   Thumb Code     0  _printf_lc.o(.ARM.Collect$$_printf_percent$$00000015)
    _printf_ls                               0x0000022d   Thumb Code     0  _printf_ls.o(.ARM.Collect$$_printf_percent$$00000016)
    _printf_percent_end                      0x00000237   Thumb Code     0  _printf_percent_end.o(.ARM.Collect$$_printf_percent$$00000017)
    __rt_lib_init                            0x0000023b   Thumb Code     0  libinit.o(.ARM.Collect$$libinit$$00000000)
    __rt_lib_init_fp_1                       0x0000023d   Thumb Code     0  libinit2.o(.ARM.Collect$$libinit$$00000002)
    __rt_lib_init_heap_1                     0x0000023d   Thumb Code     0  libinit2.o(.ARM.Collect$$libinit$$0000000C)
    __rt_lib_init_lc_common                  0x0000023d   Thumb Code     0  libinit2.o(.ARM.Collect$$libinit$$00000011)
    __rt_lib_init_preinit_1                  0x0000023d   Thumb Code     0  libinit2.o(.ARM.Collect$$libinit$$00000006)
    __rt_lib_init_rand_1                     0x0000023d   Thumb Code     0  libinit2.o(.ARM.Collect$$libinit$$00000010)
    __rt_lib_init_relocate_pie_1             0x0000023d   Thumb Code     0  libinit2.o(.ARM.Collect$$libinit$$00000004)
    __rt_lib_init_user_alloc_1               0x0000023d   Thumb Code     0  libinit2.o(.ARM.Collect$$libinit$$0000000E)
    __rt_lib_init_lc_collate_1               0x00000243   Thumb Code     0  libinit2.o(.ARM.Collect$$libinit$$00000013)
    __rt_lib_init_lc_ctype_2                 0x00000243   Thumb Code     0  libinit2.o(.ARM.Collect$$libinit$$00000014)
    __rt_lib_init_lc_ctype_1                 0x0000024f   Thumb Code     0  libinit2.o(.ARM.Collect$$libinit$$00000015)
    __rt_lib_init_lc_monetary_1              0x0000024f   Thumb Code     0  libinit2.o(.ARM.Collect$$libinit$$00000017)
    __rt_lib_init_lc_numeric_2               0x0000024f   Thumb Code     0  libinit2.o(.ARM.Collect$$libinit$$00000018)
    __rt_lib_init_alloca_1                   0x00000259   Thumb Code     0  libinit2.o(.ARM.Collect$$libinit$$00000030)
    __rt_lib_init_argv_1                     0x00000259   Thumb Code     0  libinit2.o(.ARM.Collect$$libinit$$0000002E)
    __rt_lib_init_atexit_1                   0x00000259   Thumb Code     0  libinit2.o(.ARM.Collect$$libinit$$0000001D)
    __rt_lib_init_clock_1                    0x00000259   Thumb Code     0  libinit2.o(.ARM.Collect$$libinit$$00000023)
    __rt_lib_init_cpp_1                      0x00000259   Thumb Code     0  libinit2.o(.ARM.Collect$$libinit$$00000034)
    __rt_lib_init_exceptions_1               0x00000259   Thumb Code     0  libinit2.o(.ARM.Collect$$libinit$$00000032)
    __rt_lib_init_fp_trap_1                  0x00000259   Thumb Code     0  libinit2.o(.ARM.Collect$$libinit$$00000021)
    __rt_lib_init_getenv_1                   0x00000259   Thumb Code     0  libinit2.o(.ARM.Collect$$libinit$$00000025)
    __rt_lib_init_lc_numeric_1               0x00000259   Thumb Code     0  libinit2.o(.ARM.Collect$$libinit$$00000019)
    __rt_lib_init_lc_time_1                  0x00000259   Thumb Code     0  libinit2.o(.ARM.Collect$$libinit$$0000001B)
    __rt_lib_init_return                     0x00000259   Thumb Code     0  libinit2.o(.ARM.Collect$$libinit$$00000035)
    __rt_lib_init_signal_1                   0x00000259   Thumb Code     0  libinit2.o(.ARM.Collect$$libinit$$0000001F)
    __rt_lib_init_stdio_1                    0x00000259   Thumb Code     0  libinit2.o(.ARM.Collect$$libinit$$00000027)
    __rt_lib_shutdown                        0x0000025b   Thumb Code     0  libshutdown.o(.ARM.Collect$$libshutdown$$00000000)
    __rt_lib_shutdown_cpp_1                  0x0000025d   Thumb Code     0  libshutdown2.o(.ARM.Collect$$libshutdown$$00000002)
    __rt_lib_shutdown_fp_trap_1              0x0000025d   Thumb Code     0  libshutdown2.o(.ARM.Collect$$libshutdown$$00000007)
    __rt_lib_shutdown_heap_1                 0x0000025d   Thumb Code     0  libshutdown2.o(.ARM.Collect$$libshutdown$$0000000F)
    __rt_lib_shutdown_return                 0x0000025d   Thumb Code     0  libshutdown2.o(.ARM.Collect$$libshutdown$$00000010)
    __rt_lib_shutdown_signal_1               0x0000025d   Thumb Code     0  libshutdown2.o(.ARM.Collect$$libshutdown$$0000000A)
    __rt_lib_shutdown_stdio_1                0x0000025d   Thumb Code     0  libshutdown2.o(.ARM.Collect$$libshutdown$$00000004)
    __rt_lib_shutdown_user_alloc_1           0x0000025d   Thumb Code     0  libshutdown2.o(.ARM.Collect$$libshutdown$$0000000C)
    __rt_entry                               0x0000025f   Thumb Code     0  __rtentry.o(.ARM.Collect$$rtentry$$00000000)
    __rt_entry_presh_1                       0x0000025f   Thumb Code     0  __rtentry2.o(.ARM.Collect$$rtentry$$00000002)
    __rt_entry_sh                            0x0000025f   Thumb Code     0  __rtentry4.o(.ARM.Collect$$rtentry$$00000004)
    __rt_entry_li                            0x00000265   Thumb Code     0  __rtentry2.o(.ARM.Collect$$rtentry$$0000000A)
    __rt_entry_postsh_1                      0x00000265   Thumb Code     0  __rtentry2.o(.ARM.Collect$$rtentry$$00000009)
    __rt_entry_main                          0x00000269   Thumb Code     0  __rtentry2.o(.ARM.Collect$$rtentry$$0000000D)
    __rt_entry_postli_1                      0x00000269   Thumb Code     0  __rtentry2.o(.ARM.Collect$$rtentry$$0000000C)
    __rt_exit                                0x00000271   Thumb Code     0  rtexit.o(.ARM.Collect$$rtexit$$00000000)
    __rt_exit_ls                             0x00000273   Thumb Code     0  rtexit2.o(.ARM.Collect$$rtexit$$00000003)
    __rt_exit_prels_1                        0x00000273   Thumb Code     0  rtexit2.o(.ARM.Collect$$rtexit$$00000002)
    __rt_exit_exit                           0x00000277   Thumb Code     0  rtexit2.o(.ARM.Collect$$rtexit$$00000004)
    __aeabi_memcpy4                          0x0000027d   Thumb Code    56  rt_memcpy.o(.emb_text)
    __aeabi_memcpy8                          0x0000027d   Thumb Code     0  rt_memcpy.o(.emb_text)
    Reset_Handler                            0x000002b5   Thumb Code     8  startup_nuc1261.o(.text)
    NMI_Handler                              0x000002bd   Thumb Code     2  startup_nuc1261.o(.text)
    HardFault_Handler                        0x000002bf   Thumb Code    16  startup_nuc1261.o(.text)
    SVC_Handler                              0x000002cf   Thumb Code     2  startup_nuc1261.o(.text)
    PendSV_Handler                           0x000002d1   Thumb Code     2  startup_nuc1261.o(.text)
    SysTick_Handler                          0x000002d3   Thumb Code     2  startup_nuc1261.o(.text)
    ACMP01_IRQHandler                        0x000002d5   Thumb Code     0  startup_nuc1261.o(.text)
    ADC_IRQHandler                           0x000002d5   Thumb Code     0  startup_nuc1261.o(.text)
    BOD_IRQHandler                           0x000002d5   Thumb Code     0  startup_nuc1261.o(.text)
    CLKDIRC_IRQHandler                       0x000002d5   Thumb Code     0  startup_nuc1261.o(.text)
    EINT024_IRQHandler                       0x000002d5   Thumb Code     0  startup_nuc1261.o(.text)
    EINT135_IRQHandler                       0x000002d5   Thumb Code     0  startup_nuc1261.o(.text)
    GPAB_IRQHandler                          0x000002d5   Thumb Code     0  startup_nuc1261.o(.text)
    GPCDEF_IRQHandler                        0x000002d5   Thumb Code     0  startup_nuc1261.o(.text)
    I2C0_IRQHandler                          0x000002d5   Thumb Code     0  startup_nuc1261.o(.text)
    I2C1_IRQHandler                          0x000002d5   Thumb Code     0  startup_nuc1261.o(.text)
    PDMA_IRQHandler                          0x000002d5   Thumb Code     0  startup_nuc1261.o(.text)
    PWM0_IRQHandler                          0x000002d5   Thumb Code     0  startup_nuc1261.o(.text)
    PWM1_IRQHandler                          0x000002d5   Thumb Code     0  startup_nuc1261.o(.text)
    PWRWU_IRQHandler                         0x000002d5   Thumb Code     0  startup_nuc1261.o(.text)
    RTC_IRQHandler                           0x000002d5   Thumb Code     0  startup_nuc1261.o(.text)
    SC01_IRQHandler                          0x000002d5   Thumb Code     0  startup_nuc1261.o(.text)
    SPI0_IRQHandler                          0x000002d5   Thumb Code     0  startup_nuc1261.o(.text)
    SPI1_IRQHandler                          0x000002d5   Thumb Code     0  startup_nuc1261.o(.text)
    TMR0_IRQHandler                          0x000002d5   Thumb Code     0  startup_nuc1261.o(.text)
    TMR1_IRQHandler                          0x000002d5   Thumb Code     0  startup_nuc1261.o(.text)
    TMR2_IRQHandler                          0x000002d5   Thumb Code     0  startup_nuc1261.o(.text)
    TMR3_IRQHandler                          0x000002d5   Thumb Code     0  startup_nuc1261.o(.text)
    USBD_IRQHandler                          0x000002d5   Thumb Code     0  startup_nuc1261.o(.text)
    USCI_IRQHandler                          0x000002d5   Thumb Code     0  startup_nuc1261.o(.text)
    WDT_IRQHandler                           0x000002d5   Thumb Code     0  startup_nuc1261.o(.text)
    __user_initial_stackheap                 0x000002d9   Thumb Code    10  startup_nuc1261.o(.text)
    SH_DoCommand                             0x000002e5   Thumb Code    10  startup_nuc1261.o(.text)
    __PC                                     0x000002ef   Thumb Code     6  startup_nuc1261.o(.text)
    printf                                   0x00000311   Thumb Code    22  printf.o(.text)
    __aeabi_uidiv                            0x0000032d   Thumb Code     0  aeabi_sdiv.o(.text)
    __aeabi_uidivmod                         0x0000032d   Thumb Code    20  aeabi_sdiv.o(.text)
    __aeabi_idiv                             0x00000341   Thumb Code     0  aeabi_sdiv.o(.text)
    __aeabi_idivmod                          0x00000341   Thumb Code   338  aeabi_sdiv.o(.text)
    __use_two_region_memory                  0x00000499   Thumb Code     2  heapauxi.o(.text)
    __rt_heap_escrow$2region                 0x0000049b   Thumb Code     2  heapauxi.o(.text)
    __rt_heap_expand$2region                 0x0000049d   Thumb Code     2  heapauxi.o(.text)
    _printf_pre_padding                      0x0000049f   Thumb Code    44  _printf_pad.o(.text)
    _printf_post_padding                     0x000004cb   Thumb Code    34  _printf_pad.o(.text)
    _printf_truncate_signed                  0x000004ed   Thumb Code    18  _printf_truncate.o(.text)
    _printf_truncate_unsigned                0x000004ff   Thumb Code    18  _printf_truncate.o(.text)
    _printf_str                              0x00000511   Thumb Code    82  _printf_str.o(.text)
    _printf_int_dec                          0x00000565   Thumb Code    90  _printf_dec.o(.text)
    _printf_charcount                        0x000005d1   Thumb Code    38  _printf_charcount.o(.text)
    _printf_char_file                        0x000005f9   Thumb Code    34  _printf_char_file.o(.text)
    _printf_wctomb                           0x00000621   Thumb Code   182  _printf_wctomb.o(.text)
    _printf_longlong_dec                     0x000006dd   Thumb Code    94  _printf_longlong_dec.o(.text)
    _printf_longlong_oct                     0x0000074d   Thumb Code    68  _printf_oct_int_ll.o(.text)
    _printf_int_oct                          0x00000791   Thumb Code    24  _printf_oct_int_ll.o(.text)
    _printf_ll_oct                           0x000007a9   Thumb Code    10  _printf_oct_int_ll.o(.text)
    _printf_longlong_hex                     0x000007bd   Thumb Code    88  _printf_hex_int_ll_ptr.o(.text)
    _printf_int_hex                          0x00000815   Thumb Code    28  _printf_hex_int_ll_ptr.o(.text)
    _printf_ll_hex                           0x00000831   Thumb Code    10  _printf_hex_int_ll_ptr.o(.text)
    _printf_hex_ptr                          0x0000083b   Thumb Code    22  _printf_hex_int_ll_ptr.o(.text)
    __printf                                 0x00000855   Thumb Code   386  __printf_flags_ss_wp.o(.text)
    _ll_udiv10                               0x000009dd   Thumb Code   122  lludiv10.o(.text)
    _printf_int_common                       0x00000a57   Thumb Code   176  _printf_intcommon.o(.text)
    _printf_fp_dec_real                      0x00000ca5   Thumb Code   620  _printf_fp_dec.o(.text)
    _printf_fp_hex_real                      0x00000f1d   Thumb Code   718  _printf_fp_hex.o(.text)
    _printf_char_common                      0x000011ff   Thumb Code    32  _printf_char_common.o(.text)
    _printf_cs_common                        0x00001225   Thumb Code    22  _printf_char.o(.text)
    _printf_char                             0x0000123b   Thumb Code    16  _printf_char.o(.text)
    _printf_string                           0x0000124b   Thumb Code     8  _printf_char.o(.text)
    _printf_lcs_common                       0x00001253   Thumb Code    22  _printf_wchar.o(.text)
    _printf_wchar                            0x00001269   Thumb Code    16  _printf_wchar.o(.text)
    _printf_wstring                          0x00001279   Thumb Code     8  _printf_wchar.o(.text)
    _c16rtomb                                0x00001281   Thumb Code    66  _c16rtomb.o(.text)
    _wcrtomb                                 0x00001281   Thumb Code     0  _c16rtomb.o(.text)
    __rt_udiv10                              0x000012c3   Thumb Code    40  rtudiv10.o(.text)
    __user_setup_stackheap                   0x000012eb   Thumb Code    62  sys_stackheap_outer.o(.text)
    __rt_ctype_table                         0x00001329   Thumb Code    16  rt_ctype_table.o(.text)
    __rt_locale                              0x00001339   Thumb Code     8  rt_locale_intlibspace.o(.text)
    _printf_fp_infnan                        0x00001341   Thumb Code   120  _printf_fp_infnan.o(.text)
    _btod_etento                             0x000013c9   Thumb Code   210  bigflt0.o(.text)
    _btod_d2e                                0x000014a1   Thumb Code    64  btod.o(.text)
    _btod_emul                               0x000018d5   Thumb Code    28  btod.o(.text)
    _btod_emuld                              0x000018f1   Thumb Code   144  btod.o(.text)
    _btod_ediv                               0x00001981   Thumb Code    26  btod.o(.text)
    _btod_edivd                              0x0000199b   Thumb Code   124  btod.o(.text)
    exit                                     0x00001a21   Thumb Code    16  exit.o(.text)
    __user_libspace                          0x00001a31   Thumb Code     8  libspace.o(.text)
    __user_perproc_libspace                  0x00001a31   Thumb Code     0  libspace.o(.text)
    __user_perthread_libspace                0x00001a31   Thumb Code     0  libspace.o(.text)
    strcmp                                   0x00001a39   Thumb Code   132  strcmp.o(.text)
    _sys_exit                                0x00001ac1   Thumb Code     8  sys_exit.o(.text)
    __I$use$semihosting                      0x00001acd   Thumb Code     0  use_no_semi.o(.text)
    __use_no_semihosting_swi                 0x00001acd   Thumb Code     2  use_no_semi.o(.text)
    __semihosting_library_function           0x00001acf   Thumb Code     0  indicate_semi.o(.text)
    BankMetaUpdate                           0x00001ad1   Thumb Code    44  bootloaderprocess.o(.text.BankMetaUpdate)
    BankSelectProcess                        0x00001afd   Thumb Code   184  select_fw.o(.text.BankSelectProcess)
    BankValidateProcess                      0x00001bc1   Thumb Code   140  select_fw.o(.text.BankValidateProcess)
    BootloaderProcess                        0x00001c61   Thumb Code   400  bootloaderprocess.o(.text.BootloaderProcess)
    CLK_EnableModuleClock                    0x00001e2d   Thumb Code    48  clk.o(.text.CLK_EnableModuleClock)
    CLK_EnablePLL                            0x00001e61   Thumb Code   476  clk.o(.text.CLK_EnablePLL)
    CLK_EnableXtalRC                         0x0000206d   Thumb Code    20  clk.o(.text.CLK_EnableXtalRC)
    CLK_SetCoreClock                         0x00002265   Thumb Code   172  clk.o(.text.CLK_SetCoreClock)
    CLK_SetHCLK                              0x00002321   Thumb Code    96  clk.o(.text.CLK_SetHCLK)
    CLK_SetModuleClock                       0x00002385   Thumb Code   156  clk.o(.text.CLK_SetModuleClock)
    CLK_SetSysTickClockSrc                   0x00002425   Thumb Code    24  clk.o(.text.CLK_SetSysTickClockSrc)
    CLK_WaitClockReady                       0x00002441   Thumb Code    60  clk.o(.text.CLK_WaitClockReady)
    CRC32_Calculator                         0x00002481   Thumb Code    84  bootloaderprocess.o(.text.CRC32_Calculator)
    CRC_GetChecksum                          0x000024d9   Thumb Code    96  crc.o(.text.CRC_GetChecksum)
    CRC_Open                                 0x0000253d   Thumb Code    48  crc.o(.text.CRC_Open)
    CalChecksumH                             0x00002575   Thumb Code    92  uart_drv.o(.text.CalChecksumH)
    ClearRespDelayTimer                      0x000025d9   Thumb Code    20  bootloaderprocess.o(.text.ClearRespDelayTimer)
    DataFlashConfig                          0x000025f9   Thumb Code    96  main.o(.text.DataFlashConfig)
    FMC_Open                                 0x00002771   Thumb Code    12  fmc.o(.text.FMC_Open)
    FMC_Proc                                 0x0000277d   Thumb Code   208  fmc_user.o(.text.FMC_Proc)
    FMC_ReadConfig                           0x000028ad   Thumb Code    88  fmc.o(.text.FMC_ReadConfig)
    FMC_ReadDataFlashBaseAddr                0x00002905   Thumb Code     8  fmc.o(.text.FMC_ReadDataFlashBaseAddr)
    FMC_WriteConfig                          0x000029e1   Thumb Code   136  fmc.o(.text.FMC_WriteConfig)
    FwInfoUpdate                             0x00002a6d   Thumb Code    34  bootloaderprocess.o(.text.FwInfoUpdate)
    Host_AliveProcess                        0x00002a91   Thumb Code    12  bootloaderprocess.o(.text.Host_AliveProcess)
    Host_OTAUpdateProcess                    0x00002aa1   Thumb Code   464  bootloaderprocess.o(.text.Host_OTAUpdateProcess)
    JumpTable_Patcher                        0x00002ca5   Thumb Code   580  bootloaderprocess.o(.text.JumpTable_Patcher)
    JumpToFirmware                           0x00002ef9   Thumb Code    60  select_fw.o(.text.JumpToFirmware)
    MeterV52PinConfig_init                   0x00002f41   Thumb Code    48  meterv52pinconfig.o(.text.MeterV52PinConfig_init)
    MeterV52PinConfig_init_ice               0x00002f71   Thumb Code    24  meterv52pinconfig.o(.text.MeterV52PinConfig_init_ice)
    MeterV52PinConfig_init_pa                0x00002f89   Thumb Code    16  meterv52pinconfig.o(.text.MeterV52PinConfig_init_pa)
    MeterV52PinConfig_init_pb                0x00002f99   Thumb Code    16  meterv52pinconfig.o(.text.MeterV52PinConfig_init_pb)
    MeterV52PinConfig_init_pc                0x00002fad   Thumb Code    16  meterv52pinconfig.o(.text.MeterV52PinConfig_init_pc)
    MeterV52PinConfig_init_pd                0x00002fc1   Thumb Code    16  meterv52pinconfig.o(.text.MeterV52PinConfig_init_pd)
    MeterV52PinConfig_init_pe                0x00002fd5   Thumb Code    32  meterv52pinconfig.o(.text.MeterV52PinConfig_init_pe)
    MeterV52PinConfig_init_pf                0x00002ff9   Thumb Code    16  meterv52pinconfig.o(.text.MeterV52PinConfig_init_pf)
    MeterV52PinConfig_init_uart0             0x0000300d   Thumb Code    44  meterv52pinconfig.o(.text.MeterV52PinConfig_init_uart0)
    MeterV52PinConfig_init_uart1             0x00003041   Thumb Code    20  meterv52pinconfig.o(.text.MeterV52PinConfig_init_uart1)
    MeterV52PinConfig_init_uart2             0x00003061   Thumb Code    24  meterv52pinconfig.o(.text.MeterV52PinConfig_init_uart2)
    MeterV52PinConfig_init_xt1               0x0000307d   Thumb Code    24  meterv52pinconfig.o(.text.MeterV52PinConfig_init_xt1)
    PatchProcess                             0x00003125   Thumb Code   916  bootloaderprocess.o(.text.PatchProcess)
    ProcessHardFault                         0x000034e1   Thumb Code    64  retarget.o(.text.ProcessHardFault)
    ReadMyDeviceID                           0x0000355d   Thumb Code   136  main.o(.text.ReadMyDeviceID)
    RegionTable_Patcher                      0x00003601   Thumb Code   112  bootloaderprocess.o(.text.RegionTable_Patcher)
    ResetHostUART                            0x00003679   Thumb Code    28  uart_drv.o(.text.ResetHostUART)
    SH_Return                                0x000036ad   Thumb Code    14  retarget.o(.text.SH_Return)
    SYS_Init                                 0x000036bd   Thumb Code   244  main.o(.text.SYS_Init)
    SYS_ResetModule                          0x000037d9   Thumb Code    52  sys.o(.text.SYS_ResetModule)
    SendChar                                 0x00003885   Thumb Code    16  retarget.o(.text.SendChar)
    SendChar_ToUART                          0x00003895   Thumb Code    64  retarget.o(.text.SendChar_ToUART)
    SendHost_OTAPackNo                       0x000038d5   Thumb Code    24  bootloaderprocess.o(.text.SendHost_OTAPackNo)
    SendHost_SystemInformation               0x000038f5   Thumb Code    28  bootloaderprocess.o(.text.SendHost_SystemInformation)
    SystemCoreClockUpdate                    0x0000391d   Thumb Code    96  system_nuc1261.o(.text.SystemCoreClockUpdate)
    SystemInit                               0x0000399d   Thumb Code     2  system_nuc1261.o(.text.SystemInit)
    UART02_IRQHandler                        0x000039a1   Thumb Code   372  uart_drv.o(.text.UART02_IRQHandler)
    UART0_Init                               0x00003b41   Thumb Code    52  uart_drv.o(.text.UART0_Init)
    UART1_IRQHandler                         0x00003b81   Thumb Code   372  uart_drv.o(.text.UART1_IRQHandler)
    UART1_Init                               0x00003d21   Thumb Code    52  uart_drv.o(.text.UART1_Init)
    UART_DisableInt                          0x00003d5d   Thumb Code    68  uart.o(.text.UART_DisableInt)
    UART_EnableInt                           0x00003da5   Thumb Code    68  uart.o(.text.UART_EnableInt)
    UART_Open                                0x00003df1   Thumb Code   216  uart.o(.text.UART_Open)
    VectorTable_Patcher                      0x00003edd   Thumb Code   100  bootloaderprocess.o(.text.VectorTable_Patcher)
    WDT_Init                                 0x00003fb1   Thumb Code    44  main.o(.text.WDT_Init)
    WDT_Open                                 0x00003fe5   Thumb Code    44  wdt.o(.text.WDT_Open)
    _SendStringToHOST                        0x00004019   Thumb Code   160  uart_drv.o(.text._SendStringToHOST)
    ferror                                   0x000040cd   Thumb Code    12  retarget.o(.text.ferror)
    fputc                                    0x000040d9   Thumb Code    20  retarget.o(.text.fputc)
    main                                     0x000040ed   Thumb Code    72  main.o(.text.main)
    __ARM_common_ll_muluu                    0x00004139   Thumb Code    48  btod.o(i.__ARM_common_ll_muluu)
    __ARM_fpclassify                         0x00004169   Thumb Code    40  fpclassify.o(i.__ARM_fpclassify)
    _is_digit                                0x00004195   Thumb Code    14  __printf_wp.o(i._is_digit)
    _get_lc_numeric                          0x000041a5   Thumb Code    44  lc_numeric_c.o(locale$$code)
    _get_lc_ctype                            0x000041d1   Thumb Code    44  lc_ctype_c.o(locale$$code)
    _printf_fp_dec                           0x000041fd   Thumb Code    16  printf1.o(x$fpl$printf1)
    _printf_fp_hex                           0x0000420d   Thumb Code    16  printf2.o(x$fpl$printf2)
    __I$use$fp                               0x0000421c   Number         0  usenofp.o(x$fpl$usenofp)
    Fw_BaseAddr                              0x00004318   Data          16  bootloaderprocess.o(.rodata.Fw_BaseAddr)
    gau32ClkSrcTbl                           0x00004328   Data          32  system_nuc1261.o(.rodata.gau32ClkSrcTbl)
    Region$$Table$$Base                      0x00004358   Number         0  anon$$obj.o(Region$$Table)
    Region$$Table$$Limit                     0x00004378   Number         0  anon$$obj.o(Region$$Table)
    __ctype                                  0x000043a1   Data           0  lc_ctype_c.o(locale$$data)
    CyclesPerUs                              0x20000000   Data           4  system_nuc1261.o(.data.CyclesPerUs)
    PllClock                                 0x20000004   Data           4  system_nuc1261.o(.data.PllClock)
    SystemCoreClock                          0x20000008   Data           4  system_nuc1261.o(.data.SystemCoreClock)
    __libspace_start                         0x20000010   Data          96  libspace.o(.bss)
    Aprom_Page_Buff                          0x20000070   Data        2048  bootloaderprocess.o(.bss.Aprom_Page_Buff)
    __temporary_stack_top$libspace           0x20000070   Data           0  libspace.o(.bss)
    Bank1Meta                                0x20000870   Data          24  select_fw.o(.bss.Bank1Meta)
    Bank2Meta                                0x20000888   Data          24  select_fw.o(.bss.Bank2Meta)
    BankID                                   0x200008a0   Data           1  bootloaderprocess.o(.bss.BankID)
    HOSTRxQ                                  0x200008a1   Data         100  uart_drv.o(.bss.HOSTRxQ)
    HOSTRxQ_cnt                              0x20000905   Data           1  uart_drv.o(.bss.HOSTRxQ_cnt)
    HOSTRxQ_rp                               0x20000906   Data           1  uart_drv.o(.bss.HOSTRxQ_rp)
    HOSTRxQ_wp                               0x20000907   Data           1  uart_drv.o(.bss.HOSTRxQ_wp)
    HOSTTxQ                                  0x20000908   Data         100  uart_drv.o(.bss.HOSTTxQ)
    HOSTTxQ_cnt                              0x2000096c   Data           1  uart_drv.o(.bss.HOSTTxQ_cnt)
    HOSTTxQ_rp                               0x2000096d   Data           1  uart_drv.o(.bss.HOSTTxQ_rp)
    HOSTTxQ_wp                               0x2000096e   Data           1  uart_drv.o(.bss.HOSTTxQ_wp)
    HostToken                                0x2000096f   Data         100  uart_drv.o(.bss.HostToken)
    HostTokenReady                           0x200009d3   Data           1  uart_drv.o(.bss.HostTokenReady)
    HostTxBuffer                             0x200009d4   Data         100  uart_drv.o(.bss.HostTxBuffer)
    Host_MeterID                             0x20000a38   Data           1  bootloaderprocess.o(.bss.Host_MeterID)
    LastDataLen                              0x20000a3c   Data           4  bootloaderprocess.o(.bss.LastDataLen)
    METERRxQ                                 0x20000a40   Data         100  uart_drv.o(.bss.METERRxQ)
    METERRxQ_cnt                             0x20000aa4   Data           1  uart_drv.o(.bss.METERRxQ_cnt)
    METERRxQ_rp                              0x20000aa5   Data           1  uart_drv.o(.bss.METERRxQ_rp)
    METERRxQ_wp                              0x20000aa6   Data           1  uart_drv.o(.bss.METERRxQ_wp)
    METERTxQ                                 0x20000aa7   Data         100  uart_drv.o(.bss.METERTxQ)
    METERTxQ_cnt                             0x20000b0b   Data           1  uart_drv.o(.bss.METERTxQ_cnt)
    METERTxQ_rp                              0x20000b0c   Data           1  uart_drv.o(.bss.METERTxQ_rp)
    MeterToken                               0x20000b0d   Data         100  uart_drv.o(.bss.MeterToken)
    MeterTokenReady                          0x20000b71   Data           1  uart_drv.o(.bss.MeterTokenReady)
    MyDeviceID                               0x20000b72   Data           1  main.o(.bss.MyDeviceID)
    NewBankMeta                              0x20000b74   Data          24  bootloaderprocess.o(.bss.NewBankMeta)
    Next_Aprom_Page_Buff                     0x20000b8c   Data        2048  bootloaderprocess.o(.bss.Next_Aprom_Page_Buff)
    NowFwInfo                                0x2000138c   Data           2  bootloaderprocess.o(.bss.NowFwInfo)
    PktPayloadLen                            0x20001390   Data           4  bootloaderprocess.o(.bss.PktPayloadLen)
    StartAddress                             0x20001394   Data           4  bootloaderprocess.o(.bss.StartAddress)
    TickHost                                 0x20001398   Data           1  bootloaderprocess.o(.bss.TickHost)
    TotalLen                                 0x2000139c   Data           4  bootloaderprocess.o(.bss.TotalLen)
    TotalPackNo                              0x200013a0   Data           1  bootloaderprocess.o(.bss.TotalPackNo)
    UpdatecmdType                            0x200013a1   Data           1  bootloaderprocess.o(.bss.UpdatecmdType)
    WaitTime                                 0x200013a2   Data           1  bootloaderprocess.o(.bss.WaitTime)
    __stdout                                 0x200013a4   Data          84  retarget.o(.bss.__stdout)
    _fgPatchEnable                           0x200013f8   Data           1  bootloaderprocess.o(.bss._fgPatchEnable)
    bBank1_Valid                             0x200013f9   Data           1  select_fw.o(.bss.bBank1_Valid)
    bBank2_Valid                             0x200013fa   Data           1  select_fw.o(.bss.bBank2_Valid)
    bDelaySendHostCMD                        0x200013fb   Data           1  bootloaderprocess.o(.bss.bDelaySendHostCMD)
    cmdType                                  0x200013fc   Data           1  bootloaderprocess.o(.bss.cmdType)
    fgFromHostFlag                           0x200013fd   Data           1  bootloaderprocess.o(.bss.fgFromHostFlag)
    fgToHostFlag                             0x200013fe   Data           1  bootloaderprocess.o(.bss.fgToHostFlag)
    fgToHostRSPFlag                          0x200013ff   Data           1  bootloaderprocess.o(.bss.fgToHostRSPFlag)
    g_FMC_i32ErrCode                         0x20001400   Data           4  fmc_user.o(.bss.g_FMC_i32ErrCode)
    g_apromSize                              0x20001404   Data           4  main.o(.bss.g_apromSize)
    g_packno                                 0x20001408   Data           1  bootloaderprocess.o(.bss.g_packno)
    iTickDelaySendHostCMD                    0x20001409   Data           1  bootloaderprocess.o(.bss.iTickDelaySendHostCMD)



==============================================================================

Memory Map of the image

  Image entry point : Not specified.

  Load Region LR_IROM1 (Base: 0x00000000, Size: 0x000044b8, Max: 0x00020000, ABSOLUTE)

    Execution Region ER_IROM1 (Exec base: 0x00000000, Load base: 0x00000000, Size: 0x000044a4, Max: 0x00020000, ABSOLUTE)

    Exec Addr    Load Addr    Size         Type   Attr      Idx    E Section Name        Object

    0x00000000   0x00000000   0x000000c0   Data   RO           21    RESET               startup_nuc1261.o
    0x000000c0   0x000000c0   0x00000008   Code   RO          506  * !!!main             c_p.l(__main.o)
    0x000000c8   0x000000c8   0x00000054   Code   RO          835    !!!scatter          c_p.l(__scatter.o)
    0x0000011c   0x0000011c   0x0000001a   Code   RO          839    !!handler_copy      c_p.l(__scatter_copy.o)
    0x00000136   0x00000136   0x00000002   PAD
    0x00000138   0x00000138   0x00000002   Code   RO          836    !!handler_null      c_p.l(__scatter.o)
    0x0000013a   0x0000013a   0x00000002   PAD
    0x0000013c   0x0000013c   0x0000001c   Code   RO          841    !!handler_zi        c_p.l(__scatter_zi.o)
    0x00000158   0x00000158   0x00000002   Code   RO          592    .ARM.Collect$$_printf_percent$$00000000  c_p.l(_printf_percent.o)
    0x0000015a   0x0000015a   0x0000000a   Code   RO          581    .ARM.Collect$$_printf_percent$$00000001  c_p.l(_printf_n.o)
    0x00000164   0x00000164   0x0000000a   Code   RO          583    .ARM.Collect$$_printf_percent$$00000002  c_p.l(_printf_p.o)
    0x0000016e   0x0000016e   0x0000000a   Code   RO          588    .ARM.Collect$$_printf_percent$$00000003  c_p.l(_printf_f.o)
    0x00000178   0x00000178   0x0000000a   Code   RO          589    .ARM.Collect$$_printf_percent$$00000004  c_p.l(_printf_e.o)
    0x00000182   0x00000182   0x0000000a   Code   RO          590    .ARM.Collect$$_printf_percent$$00000005  c_p.l(_printf_g.o)
    0x0000018c   0x0000018c   0x0000000a   Code   RO          591    .ARM.Collect$$_printf_percent$$00000006  c_p.l(_printf_a.o)
    0x00000196   0x00000196   0x0000000a   Code   RO          596    .ARM.Collect$$_printf_percent$$00000007  c_p.l(_printf_ll.o)
    0x000001a0   0x000001a0   0x0000000a   Code   RO          585    .ARM.Collect$$_printf_percent$$00000008  c_p.l(_printf_i.o)
    0x000001aa   0x000001aa   0x0000000a   Code   RO          586    .ARM.Collect$$_printf_percent$$00000009  c_p.l(_printf_d.o)
    0x000001b4   0x000001b4   0x0000000a   Code   RO          587    .ARM.Collect$$_printf_percent$$0000000A  c_p.l(_printf_u.o)
    0x000001be   0x000001be   0x0000000a   Code   RO          584    .ARM.Collect$$_printf_percent$$0000000B  c_p.l(_printf_o.o)
    0x000001c8   0x000001c8   0x0000000a   Code   RO          582    .ARM.Collect$$_printf_percent$$0000000C  c_p.l(_printf_x.o)
    0x000001d2   0x000001d2   0x0000000a   Code   RO          593    .ARM.Collect$$_printf_percent$$0000000D  c_p.l(_printf_lli.o)
    0x000001dc   0x000001dc   0x0000000a   Code   RO          594    .ARM.Collect$$_printf_percent$$0000000E  c_p.l(_printf_lld.o)
    0x000001e6   0x000001e6   0x0000000a   Code   RO          595    .ARM.Collect$$_printf_percent$$0000000F  c_p.l(_printf_llu.o)
    0x000001f0   0x000001f0   0x0000000a   Code   RO          600    .ARM.Collect$$_printf_percent$$00000010  c_p.l(_printf_llo.o)
    0x000001fa   0x000001fa   0x0000000a   Code   RO          601    .ARM.Collect$$_printf_percent$$00000011  c_p.l(_printf_llx.o)
    0x00000204   0x00000204   0x0000000a   Code   RO          597    .ARM.Collect$$_printf_percent$$00000012  c_p.l(_printf_l.o)
    0x0000020e   0x0000020e   0x0000000a   Code   RO          579    .ARM.Collect$$_printf_percent$$00000013  c_p.l(_printf_c.o)
    0x00000218   0x00000218   0x0000000a   Code   RO          580    .ARM.Collect$$_printf_percent$$00000014  c_p.l(_printf_s.o)
    0x00000222   0x00000222   0x0000000a   Code   RO          598    .ARM.Collect$$_printf_percent$$00000015  c_p.l(_printf_lc.o)
    0x0000022c   0x0000022c   0x0000000a   Code   RO          599    .ARM.Collect$$_printf_percent$$00000016  c_p.l(_printf_ls.o)
    0x00000236   0x00000236   0x00000004   Code   RO          644    .ARM.Collect$$_printf_percent$$00000017  c_p.l(_printf_percent_end.o)
    0x0000023a   0x0000023a   0x00000002   Code   RO          686    .ARM.Collect$$libinit$$00000000  c_p.l(libinit.o)
    0x0000023c   0x0000023c   0x00000000   Code   RO          712    .ARM.Collect$$libinit$$00000002  c_p.l(libinit2.o)
    0x0000023c   0x0000023c   0x00000000   Code   RO          714    .ARM.Collect$$libinit$$00000004  c_p.l(libinit2.o)
    0x0000023c   0x0000023c   0x00000000   Code   RO          716    .ARM.Collect$$libinit$$00000006  c_p.l(libinit2.o)
    0x0000023c   0x0000023c   0x00000000   Code   RO          719    .ARM.Collect$$libinit$$0000000C  c_p.l(libinit2.o)
    0x0000023c   0x0000023c   0x00000000   Code   RO          721    .ARM.Collect$$libinit$$0000000E  c_p.l(libinit2.o)
    0x0000023c   0x0000023c   0x00000000   Code   RO          723    .ARM.Collect$$libinit$$00000010  c_p.l(libinit2.o)
    0x0000023c   0x0000023c   0x00000006   Code   RO          724    .ARM.Collect$$libinit$$00000011  c_p.l(libinit2.o)
    0x00000242   0x00000242   0x00000000   Code   RO          726    .ARM.Collect$$libinit$$00000013  c_p.l(libinit2.o)
    0x00000242   0x00000242   0x0000000c   Code   RO          727    .ARM.Collect$$libinit$$00000014  c_p.l(libinit2.o)
    0x0000024e   0x0000024e   0x00000000   Code   RO          728    .ARM.Collect$$libinit$$00000015  c_p.l(libinit2.o)
    0x0000024e   0x0000024e   0x00000000   Code   RO          730    .ARM.Collect$$libinit$$00000017  c_p.l(libinit2.o)
    0x0000024e   0x0000024e   0x0000000a   Code   RO          731    .ARM.Collect$$libinit$$00000018  c_p.l(libinit2.o)
    0x00000258   0x00000258   0x00000000   Code   RO          732    .ARM.Collect$$libinit$$00000019  c_p.l(libinit2.o)
    0x00000258   0x00000258   0x00000000   Code   RO          734    .ARM.Collect$$libinit$$0000001B  c_p.l(libinit2.o)
    0x00000258   0x00000258   0x00000000   Code   RO          736    .ARM.Collect$$libinit$$0000001D  c_p.l(libinit2.o)
    0x00000258   0x00000258   0x00000000   Code   RO          738    .ARM.Collect$$libinit$$0000001F  c_p.l(libinit2.o)
    0x00000258   0x00000258   0x00000000   Code   RO          740    .ARM.Collect$$libinit$$00000021  c_p.l(libinit2.o)
    0x00000258   0x00000258   0x00000000   Code   RO          742    .ARM.Collect$$libinit$$00000023  c_p.l(libinit2.o)
    0x00000258   0x00000258   0x00000000   Code   RO          744    .ARM.Collect$$libinit$$00000025  c_p.l(libinit2.o)
    0x00000258   0x00000258   0x00000000   Code   RO          746    .ARM.Collect$$libinit$$00000027  c_p.l(libinit2.o)
    0x00000258   0x00000258   0x00000000   Code   RO          750    .ARM.Collect$$libinit$$0000002E  c_p.l(libinit2.o)
    0x00000258   0x00000258   0x00000000   Code   RO          752    .ARM.Collect$$libinit$$00000030  c_p.l(libinit2.o)
    0x00000258   0x00000258   0x00000000   Code   RO          754    .ARM.Collect$$libinit$$00000032  c_p.l(libinit2.o)
    0x00000258   0x00000258   0x00000000   Code   RO          756    .ARM.Collect$$libinit$$00000034  c_p.l(libinit2.o)
    0x00000258   0x00000258   0x00000002   Code   RO          757    .ARM.Collect$$libinit$$00000035  c_p.l(libinit2.o)
    0x0000025a   0x0000025a   0x00000002   Code   RO          790    .ARM.Collect$$libshutdown$$00000000  c_p.l(libshutdown.o)
    0x0000025c   0x0000025c   0x00000000   Code   RO          818    .ARM.Collect$$libshutdown$$00000002  c_p.l(libshutdown2.o)
    0x0000025c   0x0000025c   0x00000000   Code   RO          820    .ARM.Collect$$libshutdown$$00000004  c_p.l(libshutdown2.o)
    0x0000025c   0x0000025c   0x00000000   Code   RO          823    .ARM.Collect$$libshutdown$$00000007  c_p.l(libshutdown2.o)
    0x0000025c   0x0000025c   0x00000000   Code   RO          826    .ARM.Collect$$libshutdown$$0000000A  c_p.l(libshutdown2.o)
    0x0000025c   0x0000025c   0x00000000   Code   RO          828    .ARM.Collect$$libshutdown$$0000000C  c_p.l(libshutdown2.o)
    0x0000025c   0x0000025c   0x00000000   Code   RO          831    .ARM.Collect$$libshutdown$$0000000F  c_p.l(libshutdown2.o)
    0x0000025c   0x0000025c   0x00000002   Code   RO          832    .ARM.Collect$$libshutdown$$00000010  c_p.l(libshutdown2.o)
    0x0000025e   0x0000025e   0x00000000   Code   RO          508    .ARM.Collect$$rtentry$$00000000  c_p.l(__rtentry.o)
    0x0000025e   0x0000025e   0x00000000   Code   RO          611    .ARM.Collect$$rtentry$$00000002  c_p.l(__rtentry2.o)
    0x0000025e   0x0000025e   0x00000006   Code   RO          623    .ARM.Collect$$rtentry$$00000004  c_p.l(__rtentry4.o)
    0x00000264   0x00000264   0x00000000   Code   RO          613    .ARM.Collect$$rtentry$$00000009  c_p.l(__rtentry2.o)
    0x00000264   0x00000264   0x00000004   Code   RO          614    .ARM.Collect$$rtentry$$0000000A  c_p.l(__rtentry2.o)
    0x00000268   0x00000268   0x00000000   Code   RO          616    .ARM.Collect$$rtentry$$0000000C  c_p.l(__rtentry2.o)
    0x00000268   0x00000268   0x00000008   Code   RO          617    .ARM.Collect$$rtentry$$0000000D  c_p.l(__rtentry2.o)
    0x00000270   0x00000270   0x00000002   Code   RO          696    .ARM.Collect$$rtexit$$00000000  c_p.l(rtexit.o)
    0x00000272   0x00000272   0x00000000   Code   RO          763    .ARM.Collect$$rtexit$$00000002  c_p.l(rtexit2.o)
    0x00000272   0x00000272   0x00000004   Code   RO          764    .ARM.Collect$$rtexit$$00000003  c_p.l(rtexit2.o)
    0x00000276   0x00000276   0x00000006   Code   RO          765    .ARM.Collect$$rtexit$$00000004  c_p.l(rtexit2.o)
    0x0000027c   0x0000027c   0x00000038   Code   RO          496    .emb_text           c_p.l(rt_memcpy.o)
    0x000002b4   0x000002b4   0x0000005c   Code   RO           22  * .text               startup_nuc1261.o
    0x00000310   0x00000310   0x0000001c   Code   RO          494    .text               c_p.l(printf.o)
    0x0000032c   0x0000032c   0x0000016c   Code   RO          500    .text               c_p.l(aeabi_sdiv.o)
    0x00000498   0x00000498   0x00000006   Code   RO          504    .text               c_p.l(heapauxi.o)
    0x0000049e   0x0000049e   0x0000004e   Code   RO          515    .text               c_p.l(_printf_pad.o)
    0x000004ec   0x000004ec   0x00000024   Code   RO          517    .text               c_p.l(_printf_truncate.o)
    0x00000510   0x00000510   0x00000052   Code   RO          519    .text               c_p.l(_printf_str.o)
    0x00000562   0x00000562   0x00000002   PAD
    0x00000564   0x00000564   0x0000006c   Code   RO          521    .text               c_p.l(_printf_dec.o)
    0x000005d0   0x000005d0   0x00000026   Code   RO          523    .text               c_p.l(_printf_charcount.o)
    0x000005f6   0x000005f6   0x00000002   PAD
    0x000005f8   0x000005f8   0x00000028   Code   RO          525    .text               c_p.l(_printf_char_file.o)
    0x00000620   0x00000620   0x000000bc   Code   RO          527    .text               c_p.l(_printf_wctomb.o)
    0x000006dc   0x000006dc   0x00000070   Code   RO          530    .text               c_p.l(_printf_longlong_dec.o)
    0x0000074c   0x0000074c   0x00000070   Code   RO          536    .text               c_p.l(_printf_oct_int_ll.o)
    0x000007bc   0x000007bc   0x00000098   Code   RO          556    .text               c_p.l(_printf_hex_int_ll_ptr.o)
    0x00000854   0x00000854   0x00000188   Code   RO          576    .text               c_p.l(__printf_flags_ss_wp.o)
    0x000009dc   0x000009dc   0x0000007a   Code   RO          627    .text               c_p.l(lludiv10.o)
    0x00000a56   0x00000a56   0x000000b0   Code   RO          629    .text               c_p.l(_printf_intcommon.o)
    0x00000b06   0x00000b06   0x00000002   PAD
    0x00000b08   0x00000b08   0x00000414   Code   RO          631    .text               c_p.l(_printf_fp_dec.o)
    0x00000f1c   0x00000f1c   0x000002d8   Code   RO          635    .text               c_p.l(_printf_fp_hex.o)
    0x000011f4   0x000011f4   0x00000030   Code   RO          638    .text               c_p.l(_printf_char_common.o)
    0x00001224   0x00001224   0x0000002e   Code   RO          640    .text               c_p.l(_printf_char.o)
    0x00001252   0x00001252   0x0000002e   Code   RO          642    .text               c_p.l(_printf_wchar.o)
    0x00001280   0x00001280   0x00000042   Code   RO          645    .text               c_p.l(_c16rtomb.o)
    0x000012c2   0x000012c2   0x00000028   Code   RO          647    .text               c_p.l(rtudiv10.o)
    0x000012ea   0x000012ea   0x0000003e   Code   RO          649    .text               c_p.l(sys_stackheap_outer.o)
    0x00001328   0x00001328   0x00000010   Code   RO          652    .text               c_p.l(rt_ctype_table.o)
    0x00001338   0x00001338   0x00000008   Code   RO          657    .text               c_p.l(rt_locale_intlibspace.o)
    0x00001340   0x00001340   0x00000088   Code   RO          659    .text               c_p.l(_printf_fp_infnan.o)
    0x000013c8   0x000013c8   0x000000d8   Code   RO          663    .text               c_p.l(bigflt0.o)
    0x000014a0   0x000014a0   0x00000580   Code   RO          666    .text               c_p.l(btod.o)
    0x00001a20   0x00001a20   0x00000010   Code   RO          675    .text               c_p.l(exit.o)
    0x00001a30   0x00001a30   0x00000008   Code   RO          692    .text               c_p.l(libspace.o)
    0x00001a38   0x00001a38   0x00000088   Code   RO          709    .text               c_p.l(strcmp.o)
    0x00001ac0   0x00001ac0   0x0000000c   Code   RO          758    .text               c_p.l(sys_exit.o)
    0x00001acc   0x00001acc   0x00000002   Code   RO          779    .text               c_p.l(use_no_semi.o)
    0x00001ace   0x00001ace   0x00000000   Code   RO          781    .text               c_p.l(indicate_semi.o)
    0x00001ace   0x00001ace   0x00000002   PAD
    0x00001ad0   0x00001ad0   0x0000002c   Code   RO           73    .text.BankMetaUpdate  bootloaderprocess.o
    0x00001afc   0x00001afc   0x000000c4   Code   RO          184    .text.BankSelectProcess  select_fw.o
    0x00001bc0   0x00001bc0   0x000000a0   Code   RO          182    .text.BankValidateProcess  select_fw.o
    0x00001c60   0x00001c60   0x000001cc   Code   RO           61    .text.BootloaderProcess  bootloaderprocess.o
    0x00001e2c   0x00001e2c   0x00000034   Code   RO          290    .text.CLK_EnableModuleClock  clk.o
    0x00001e60   0x00001e60   0x0000020c   Code   RO          278    .text.CLK_EnablePLL  clk.o
    0x0000206c   0x0000206c   0x00000018   Code   RO          286    .text.CLK_EnableXtalRC  clk.o
    0x00002084   0x00002084   0x00000098   Code   RO            4    .text.CLK_GetPLLClockFreq  system_nuc1261.o
    0x0000211c   0x0000211c   0x0000009c   Code   RO          294    .text.CLK_GetPLLClockFreq  clk.o
    0x000021b8   0x000021b8   0x000000ac   Code   RO          460    .text.CLK_GetPLLClockFreq  uart.o
    0x00002264   0x00002264   0x000000bc   Code   RO          274    .text.CLK_SetCoreClock  clk.o
    0x00002320   0x00002320   0x00000064   Code   RO          280    .text.CLK_SetHCLK   clk.o
    0x00002384   0x00002384   0x000000a0   Code   RO          282    .text.CLK_SetModuleClock  clk.o
    0x00002424   0x00002424   0x0000001c   Code   RO          284    .text.CLK_SetSysTickClockSrc  clk.o
    0x00002440   0x00002440   0x00000040   Code   RO          276    .text.CLK_WaitClockReady  clk.o
    0x00002480   0x00002480   0x00000058   Code   RO           71    .text.CRC32_Calculator  bootloaderprocess.o
    0x000024d8   0x000024d8   0x00000064   Code   RO          316    .text.CRC_GetChecksum  crc.o
    0x0000253c   0x0000253c   0x00000038   Code   RO          314    .text.CRC_Open      crc.o
    0x00002574   0x00002574   0x00000064   Code   RO          217    .text.CalChecksumH  uart_drv.o
    0x000025d8   0x000025d8   0x00000020   Code   RO           59    .text.ClearRespDelayTimer  bootloaderprocess.o
    0x000025f8   0x000025f8   0x00000060   Code   RO           39    .text.DataFlashConfig  main.o
    0x00002658   0x00002658   0x00000088   Code   RO           75    .text.FMC_Erase     bootloaderprocess.o
    0x000026e0   0x000026e0   0x00000090   Code   RO          186    .text.FMC_Erase     select_fw.o
    0x00002770   0x00002770   0x0000000c   Code   RO          347    .text.FMC_Open      fmc.o
    0x0000277c   0x0000277c   0x000000d4   Code   RO          118    .text.FMC_Proc      fmc_user.o
    0x00002850   0x00002850   0x0000005c   Code   RO          353    .text.FMC_Read      fmc.o
    0x000028ac   0x000028ac   0x00000058   Code   RO          351    .text.FMC_ReadConfig  fmc.o
    0x00002904   0x00002904   0x0000000c   Code   RO          349    .text.FMC_ReadDataFlashBaseAddr  fmc.o
    0x00002910   0x00002910   0x00000058   Code   RO          192    .text.FMC_SetVectorPageAddr  select_fw.o
    0x00002968   0x00002968   0x00000078   Code   RO          357    .text.FMC_Write     fmc.o
    0x000029e0   0x000029e0   0x0000008c   Code   RO          355    .text.FMC_WriteConfig  fmc.o
    0x00002a6c   0x00002a6c   0x00000022   Code   RO           77    .text.FwInfoUpdate  bootloaderprocess.o
    0x00002a8e   0x00002a8e   0x00000002   PAD
    0x00002a90   0x00002a90   0x00000010   Code   RO           63    .text.Host_AliveProcess  bootloaderprocess.o
    0x00002aa0   0x00002aa0   0x00000204   Code   RO           65    .text.Host_OTAUpdateProcess  bootloaderprocess.o
    0x00002ca4   0x00002ca4   0x00000254   Code   RO           85    .text.JumpTable_Patcher  bootloaderprocess.o
    0x00002ef8   0x00002ef8   0x00000048   Code   RO          188    .text.JumpToFirmware  select_fw.o
    0x00002f40   0x00002f40   0x00000030   Code   RO          171    .text.MeterV52PinConfig_init  meterv52pinconfig.o
    0x00002f70   0x00002f70   0x00000018   Code   RO          127    .text.MeterV52PinConfig_init_ice  meterv52pinconfig.o
    0x00002f88   0x00002f88   0x00000010   Code   RO          131    .text.MeterV52PinConfig_init_pa  meterv52pinconfig.o
    0x00002f98   0x00002f98   0x00000014   Code   RO          135    .text.MeterV52PinConfig_init_pb  meterv52pinconfig.o
    0x00002fac   0x00002fac   0x00000014   Code   RO          139    .text.MeterV52PinConfig_init_pc  meterv52pinconfig.o
    0x00002fc0   0x00002fc0   0x00000014   Code   RO          143    .text.MeterV52PinConfig_init_pd  meterv52pinconfig.o
    0x00002fd4   0x00002fd4   0x00000024   Code   RO          147    .text.MeterV52PinConfig_init_pe  meterv52pinconfig.o
    0x00002ff8   0x00002ff8   0x00000014   Code   RO          151    .text.MeterV52PinConfig_init_pf  meterv52pinconfig.o
    0x0000300c   0x0000300c   0x00000034   Code   RO          155    .text.MeterV52PinConfig_init_uart0  meterv52pinconfig.o
    0x00003040   0x00003040   0x00000020   Code   RO          159    .text.MeterV52PinConfig_init_uart1  meterv52pinconfig.o
    0x00003060   0x00003060   0x0000001c   Code   RO          163    .text.MeterV52PinConfig_init_uart2  meterv52pinconfig.o
    0x0000307c   0x0000307c   0x0000001c   Code   RO          167    .text.MeterV52PinConfig_init_xt1  meterv52pinconfig.o
    0x00003098   0x00003098   0x00000020   Code   RO          450    .text.NVIC_DisableIRQ  uart.o
    0x000030b8   0x000030b8   0x0000001c   Code   RO           37    .text.NVIC_EnableIRQ  main.o
    0x000030d4   0x000030d4   0x00000020   Code   RO          456    .text.NVIC_EnableIRQ  uart.o
    0x000030f4   0x000030f4   0x00000014   Code   RO           41    .text.NVIC_SystemReset  main.o
    0x00003108   0x00003108   0x0000001c   Code   RO          194    .text.NVIC_SystemReset  select_fw.o
    0x00003124   0x00003124   0x000003bc   Code   RO           79    .text.PatchProcess  bootloaderprocess.o
    0x000034e0   0x000034e0   0x00000044   Code   RO          383    .text.ProcessHardFault  retarget.o
    0x00003524   0x00003524   0x00000038   Code   RO          213    .text.RS485_AUD_Config  uart_drv.o
    0x0000355c   0x0000355c   0x000000a4   Code   RO           47    .text.ReadMyDeviceID  main.o
    0x00003600   0x00003600   0x00000078   Code   RO           83    .text.RegionTable_Patcher  bootloaderprocess.o
    0x00003678   0x00003678   0x00000034   Code   RO          221    .text.ResetHostUART  uart_drv.o
    0x000036ac   0x000036ac   0x0000000e   Code   RO          385    .text.SH_Return     retarget.o
    0x000036ba   0x000036ba   0x00000002   PAD
    0x000036bc   0x000036bc   0x0000011c   Code   RO           29    .text.SYS_Init      main.o
    0x000037d8   0x000037d8   0x0000003c   Code   RO          429    .text.SYS_ResetModule  sys.o
    0x00003814   0x00003814   0x00000034   Code   RO           45    .text.SYS_UnlockReg  main.o
    0x00003848   0x00003848   0x0000003c   Code   RO          190    .text.SYS_UnlockReg  select_fw.o
    0x00003884   0x00003884   0x00000010   Code   RO          389    .text.SendChar      retarget.o
    0x00003894   0x00003894   0x00000040   Code   RO          387    .text.SendChar_ToUART  retarget.o
    0x000038d4   0x000038d4   0x00000020   Code   RO           69    .text.SendHost_OTAPackNo  bootloaderprocess.o
    0x000038f4   0x000038f4   0x00000028   Code   RO           67    .text.SendHost_SystemInformation  bootloaderprocess.o
    0x0000391c   0x0000391c   0x00000080   Code   RO            2    .text.SystemCoreClockUpdate  system_nuc1261.o
    0x0000399c   0x0000399c   0x00000002   Code   RO            6    .text.SystemInit    system_nuc1261.o
    0x0000399e   0x0000399e   0x00000002   PAD
    0x000039a0   0x000039a0   0x000001a0   Code   RO          207    .text.UART02_IRQHandler  uart_drv.o
    0x00003b40   0x00003b40   0x00000040   Code   RO          211    .text.UART0_Init    uart_drv.o
    0x00003b80   0x00003b80   0x000001a0   Code   RO          209    .text.UART1_IRQHandler  uart_drv.o
    0x00003d20   0x00003d20   0x0000003c   Code   RO          215    .text.UART1_Init    uart_drv.o
    0x00003d5c   0x00003d5c   0x00000048   Code   RO          448    .text.UART_DisableInt  uart.o
    0x00003da4   0x00003da4   0x0000004c   Code   RO          454    .text.UART_EnableInt  uart.o
    0x00003df0   0x00003df0   0x000000ec   Code   RO          458    .text.UART_Open     uart.o
    0x00003edc   0x00003edc   0x0000006c   Code   RO           81    .text.VectorTable_Patcher  bootloaderprocess.o
    0x00003f48   0x00003f48   0x00000030   Code   RO           33    .text.WDT_Close     main.o
    0x00003f78   0x00003f78   0x00000038   Code   RO           35    .text.WDT_EnableInt  main.o
    0x00003fb0   0x00003fb0   0x00000034   Code   RO           31    .text.WDT_Init      main.o
    0x00003fe4   0x00003fe4   0x00000034   Code   RO          485    .text.WDT_Open      wdt.o
    0x00004018   0x00004018   0x000000b4   Code   RO          219    .text._SendStringToHOST  uart_drv.o
    0x000040cc   0x000040cc   0x0000000c   Code   RO          403    .text.ferror        retarget.o
    0x000040d8   0x000040d8   0x00000014   Code   RO          399    .text.fputc         retarget.o
    0x000040ec   0x000040ec   0x0000004c   Code   RO           43    .text.main          main.o
    0x00004138   0x00004138   0x00000030   Code   RO          668    i.__ARM_common_ll_muluu  c_p.l(btod.o)
    0x00004168   0x00004168   0x0000002c   Code   RO          690    i.__ARM_fpclassify  m_ps.l(fpclassify.o)
    0x00004194   0x00004194   0x0000000e   Code   RO          569    i._is_digit         c_p.l(__printf_wp.o)
    0x000041a2   0x000041a2   0x00000002   PAD
    0x000041a4   0x000041a4   0x0000002c   Code   RO          673    locale$$code        c_p.l(lc_numeric_c.o)
    0x000041d0   0x000041d0   0x0000002c   Code   RO          703    locale$$code        c_p.l(lc_ctype_c.o)
    0x000041fc   0x000041fc   0x00000010   Code   RO          602    x$fpl$printf1       fz_ps.l(printf1.o)
    0x0000420c   0x0000420c   0x00000010   Code   RO          604    x$fpl$printf2       fz_ps.l(printf2.o)
    0x0000421c   0x0000421c   0x00000000   Code   RO          689    x$fpl$usenofp       fz_ps.l(usenofp.o)
    0x0000421c   0x0000421c   0x00000008   Data   RO          528    .constdata          c_p.l(_printf_wctomb.o)
    0x00004224   0x00004224   0x00000028   Data   RO          557    .constdata          c_p.l(_printf_hex_int_ll_ptr.o)
    0x0000424c   0x0000424c   0x00000011   Data   RO          577    .constdata          c_p.l(__printf_flags_ss_wp.o)
    0x0000425d   0x0000425d   0x00000026   Data   RO          636    .constdata          c_p.l(_printf_fp_hex.o)
    0x00004283   0x00004283   0x00000001   PAD
    0x00004284   0x00004284   0x00000094   Data   RO          664    .constdata          c_p.l(bigflt0.o)
    0x00004318   0x00004318   0x00000010   Data   RO           87    .rodata.Fw_BaseAddr  bootloaderprocess.o
    0x00004328   0x00004328   0x00000020   Data   RO           11    .rodata.gau32ClkSrcTbl  system_nuc1261.o
    0x00004348   0x00004348   0x0000000f   Data   RO          405    .rodata.str1.1      retarget.o
    0x00004357   0x00004357   0x00000001   PAD
    0x00004358   0x00004358   0x00000020   Data   RO          834    Region$$Table       anon$$obj.o
    0x00004378   0x00004378   0x0000001c   Data   RO          672    locale$$data        c_p.l(lc_numeric_c.o)
    0x00004394   0x00004394   0x00000110   Data   RO          702    locale$$data        c_p.l(lc_ctype_c.o)


    Execution Region RW_IRAM1 (Exec base: 0x20000000, Load base: 0x000044a8, Size: 0x00001810, Max: 0x00005000, ABSOLUTE)

    Exec Addr    Load Addr    Size         Type   Attr      Idx    E Section Name        Object

    0x20000000   0x000044a8   0x00000004   Data   RW            9    .data.CyclesPerUs   system_nuc1261.o
    0x20000004   0x000044ac   0x00000004   Data   RW           10    .data.PllClock      system_nuc1261.o
    0x20000008   0x000044b0   0x00000004   Data   RW            8    .data.SystemCoreClock  system_nuc1261.o
    0x2000000c   0x000044b4   0x00000004   PAD
    0x20000010        -       0x00000060   Zero   RW          693    .bss                c_p.l(libspace.o)
    0x20000070        -       0x00000800   Zero   RW          106    .bss.Aprom_Page_Buff  bootloaderprocess.o
    0x20000870        -       0x00000018   Zero   RW          196    .bss.Bank1Meta      select_fw.o
    0x20000888        -       0x00000018   Zero   RW          197    .bss.Bank2Meta      select_fw.o
    0x200008a0        -       0x00000001   Zero   RW          103    .bss.BankID         bootloaderprocess.o
    0x200008a1        -       0x00000064   Zero   RW          234    .bss.HOSTRxQ        uart_drv.o
    0x20000905        -       0x00000001   Zero   RW          236    .bss.HOSTRxQ_cnt    uart_drv.o
    0x20000906        -       0x00000001   Zero   RW          237    .bss.HOSTRxQ_rp     uart_drv.o
    0x20000907        -       0x00000001   Zero   RW          235    .bss.HOSTRxQ_wp     uart_drv.o
    0x20000908        -       0x00000064   Zero   RW          241    .bss.HOSTTxQ        uart_drv.o
    0x2000096c        -       0x00000001   Zero   RW          240    .bss.HOSTTxQ_cnt    uart_drv.o
    0x2000096d        -       0x00000001   Zero   RW          242    .bss.HOSTTxQ_rp     uart_drv.o
    0x2000096e        -       0x00000001   Zero   RW          244    .bss.HOSTTxQ_wp     uart_drv.o
    0x2000096f        -       0x00000064   Zero   RW          238    .bss.HostToken      uart_drv.o
    0x200009d3        -       0x00000001   Zero   RW          239    .bss.HostTokenReady  uart_drv.o
    0x200009d4        -       0x00000064   Zero   RW          243    .bss.HostTxBuffer   uart_drv.o
    0x20000a38        -       0x00000001   Zero   RW           92    .bss.Host_MeterID   bootloaderprocess.o
    0x20000a39   0x000044b4   0x00000003   PAD
    0x20000a3c        -       0x00000004   Zero   RW          107    .bss.LastDataLen    bootloaderprocess.o
    0x20000a40        -       0x00000064   Zero   RW          225    .bss.METERRxQ       uart_drv.o
    0x20000aa4        -       0x00000001   Zero   RW          227    .bss.METERRxQ_cnt   uart_drv.o
    0x20000aa5        -       0x00000001   Zero   RW          228    .bss.METERRxQ_rp    uart_drv.o
    0x20000aa6        -       0x00000001   Zero   RW          226    .bss.METERRxQ_wp    uart_drv.o
    0x20000aa7        -       0x00000064   Zero   RW          232    .bss.METERTxQ       uart_drv.o
    0x20000b0b        -       0x00000001   Zero   RW          231    .bss.METERTxQ_cnt   uart_drv.o
    0x20000b0c        -       0x00000001   Zero   RW          233    .bss.METERTxQ_rp    uart_drv.o
    0x20000b0d        -       0x00000064   Zero   RW          229    .bss.MeterToken     uart_drv.o
    0x20000b71        -       0x00000001   Zero   RW          230    .bss.MeterTokenReady  uart_drv.o
    0x20000b72        -       0x00000001   Zero   RW           50    .bss.MyDeviceID     main.o
    0x20000b73   0x000044b4   0x00000001   PAD
    0x20000b74        -       0x00000018   Zero   RW           99    .bss.NewBankMeta    bootloaderprocess.o
    0x20000b8c        -       0x00000800   Zero   RW          109    .bss.Next_Aprom_Page_Buff  bootloaderprocess.o
    0x2000138c        -       0x00000002   Zero   RW          108    .bss.NowFwInfo      bootloaderprocess.o
    0x2000138e   0x000044b4   0x00000002   PAD
    0x20001390        -       0x00000004   Zero   RW           98    .bss.PktPayloadLen  bootloaderprocess.o
    0x20001394        -       0x00000004   Zero   RW          104    .bss.StartAddress   bootloaderprocess.o
    0x20001398        -       0x00000001   Zero   RW           91    .bss.TickHost       bootloaderprocess.o
    0x20001399   0x000044b4   0x00000003   PAD
    0x2000139c        -       0x00000004   Zero   RW          100    .bss.TotalLen       bootloaderprocess.o
    0x200013a0        -       0x00000001   Zero   RW          101    .bss.TotalPackNo    bootloaderprocess.o
    0x200013a1        -       0x00000001   Zero   RW           97    .bss.UpdatecmdType  bootloaderprocess.o
    0x200013a2        -       0x00000001   Zero   RW           90    .bss.WaitTime       bootloaderprocess.o
    0x200013a3   0x000044b4   0x00000001   PAD
    0x200013a4        -       0x00000054   Zero   RW          406    .bss.__stdout       retarget.o
    0x200013f8        -       0x00000001   Zero   RW          105    .bss._fgPatchEnable  bootloaderprocess.o
    0x200013f9        -       0x00000001   Zero   RW          198    .bss.bBank1_Valid   select_fw.o
    0x200013fa        -       0x00000001   Zero   RW          199    .bss.bBank2_Valid   select_fw.o
    0x200013fb        -       0x00000001   Zero   RW           88    .bss.bDelaySendHostCMD  bootloaderprocess.o
    0x200013fc        -       0x00000001   Zero   RW           96    .bss.cmdType        bootloaderprocess.o
    0x200013fd        -       0x00000001   Zero   RW           93    .bss.fgFromHostFlag  bootloaderprocess.o
    0x200013fe        -       0x00000001   Zero   RW           94    .bss.fgToHostFlag   bootloaderprocess.o
    0x200013ff        -       0x00000001   Zero   RW           95    .bss.fgToHostRSPFlag  bootloaderprocess.o
    0x20001400        -       0x00000004   Zero   RW          120    .bss.g_FMC_i32ErrCode  fmc_user.o
    0x20001404        -       0x00000004   Zero   RW           49    .bss.g_apromSize    main.o
    0x20001408        -       0x00000001   Zero   RW          102    .bss.g_packno       bootloaderprocess.o
    0x20001409        -       0x00000001   Zero   RW           89    .bss.iTickDelaySendHostCMD  bootloaderprocess.o
    0x2000140a   0x000044b4   0x00000006   PAD
    0x20001410        -       0x00000000   Zero   RW           20    HEAP                startup_nuc1261.o
    0x20001410        -       0x00000400   Zero   RW           19    STACK               startup_nuc1261.o


==============================================================================

Image component sizes


      Code (inc. data)   RO Data    RW Data    ZI Data      Debug   Object Name

      3178        224         16          0       4152       8641   bootloaderprocess.o
      1296         92          0          0          0       6727   clk.o
       156         12          0          0          0       1197   crc.o
       464         32          0          0          0       3888   fmc.o
       212          4          0          0          4       1593   fmc_user.o
       876         84          0          0          5       5118   main.o
       344         48          0          0          0       4003   meterv52pinconfig.o
       194          4         15          0         84       3018   retarget.o
       748         68          0          0         50       4354   select_fw.o
        92         34        192          0       1024        920   startup_nuc1261.o
        60          8          0          0          0       2828   sys.o
       282         32         32         12          0       2401   system_nuc1261.o
       620         60          0          0          0       6887   uart.o
      1344        164          0          0        713       3849   uart_drv.o
        52          8          0          0          0        982   wdt.o

    ----------------------------------------------------------------------
      9924        874        288         12       6052      56406   Object Totals
         0          0         32          0          0          0   (incl. Generated)
         6          0          1          0         20          0   (incl. Padding)

    ----------------------------------------------------------------------

      Code (inc. data)   RO Data    RW Data    ZI Data      Debug   Library Member Name

         8          0          0          0          0         68   __main.o
       392          6         17          0          0         76   __printf_flags_ss_wp.o
        14          0          0          0          0         60   __printf_wp.o
         0          0          0          0          0          0   __rtentry.o
        12          0          0          0          0          0   __rtentry2.o
         6          0          0          0          0          0   __rtentry4.o
        86         10          0          0          0          0   __scatter.o
        26          0          0          0          0          0   __scatter_copy.o
        28          0          0          0          0          0   __scatter_zi.o
        66          0          0          0          0         76   _c16rtomb.o
        10          0          0          0          0          0   _printf_a.o
        10          0          0          0          0          0   _printf_c.o
        46          0          0          0          0        100   _printf_char.o
        48          6          0          0          0         88   _printf_char_common.o
        40          6          0          0          0         72   _printf_char_file.o
        38          0          0          0          0         60   _printf_charcount.o
        10          0          0          0          0          0   _printf_d.o
       108         18          0          0          0         76   _printf_dec.o
        10          0          0          0          0          0   _printf_e.o
        10          0          0          0          0          0   _printf_f.o
      1044         12          0          0          0        116   _printf_fp_dec.o
       728         10         38          0          0         84   _printf_fp_hex.o
       136         16          0          0          0         76   _printf_fp_infnan.o
        10          0          0          0          0          0   _printf_g.o
       152          4         40          0          0        148   _printf_hex_int_ll_ptr.o
        10          0          0          0          0          0   _printf_i.o
       176          0          0          0          0         84   _printf_intcommon.o
        10          0          0          0          0          0   _printf_l.o
        10          0          0          0          0          0   _printf_lc.o
        10          0          0          0          0          0   _printf_ll.o
        10          0          0          0          0          0   _printf_lld.o
        10          0          0          0          0          0   _printf_lli.o
        10          0          0          0          0          0   _printf_llo.o
        10          0          0          0          0          0   _printf_llu.o
        10          0          0          0          0          0   _printf_llx.o
       112         18          0          0          0         76   _printf_longlong_dec.o
        10          0          0          0          0          0   _printf_ls.o
        10          0          0          0          0          0   _printf_n.o
        10          0          0          0          0          0   _printf_o.o
       112         10          0          0          0        112   _printf_oct_int_ll.o
        10          0          0          0          0          0   _printf_p.o
        78          0          0          0          0        100   _printf_pad.o
         2          0          0          0          0          0   _printf_percent.o
         4          0          0          0          0          0   _printf_percent_end.o
        10          0          0          0          0          0   _printf_s.o
        82          0          0          0          0         72   _printf_str.o
        36          0          0          0          0         76   _printf_truncate.o
        10          0          0          0          0          0   _printf_u.o
        46          0          0          0          0        100   _printf_wchar.o
       188          6          8          0          0         80   _printf_wctomb.o
        10          0          0          0          0          0   _printf_x.o
       364          4          0          0          0         92   aeabi_sdiv.o
       216          6        148          0          0         80   bigflt0.o
      1456         30          0          0          0        336   btod.o
        16          0          0          0          0         68   exit.o
         6          0          0          0          0        136   heapauxi.o
         0          0          0          0          0          0   indicate_semi.o
        44         10        272          0          0         76   lc_ctype_c.o
        44         10         28          0          0         76   lc_numeric_c.o
         2          0          0          0          0          0   libinit.o
        30          0          0          0          0          0   libinit2.o
         2          0          0          0          0          0   libshutdown.o
         2          0          0          0          0          0   libshutdown2.o
         8          4          0          0         96         68   libspace.o
       122          0          0          0          0         72   lludiv10.o
        28          6          0          0          0         84   printf.o
        16          4          0          0          0         76   rt_ctype_table.o
         8          4          0          0          0         68   rt_locale_intlibspace.o
        56          0          0          0          0         68   rt_memcpy.o
         2          0          0          0          0          0   rtexit.o
        10          0          0          0          0          0   rtexit2.o
        40          0          0          0          0         60   rtudiv10.o
       136          4          0          0          0         72   strcmp.o
        12          4          0          0          0         60   sys_exit.o
        62          0          0          0          0         80   sys_stackheap_outer.o
         2          0          0          0          0         68   use_no_semi.o
        16          4          0          0          0         76   printf1.o
        16          4          0          0          0         76   printf2.o
         0          0          0          0          0          0   usenofp.o
        44          4          0          0          0         60   fpclassify.o

    ----------------------------------------------------------------------
      6808        220        552          0         96       3652   Library Totals
        14          0          1          0          0          0   (incl. Padding)

    ----------------------------------------------------------------------

      Code (inc. data)   RO Data    RW Data    ZI Data      Debug   Library Name

      6718        208        551          0         96       3440   c_p.l
        32          8          0          0          0        152   fz_ps.l
        44          4          0          0          0         60   m_ps.l

    ----------------------------------------------------------------------
      6808        220        552          0         96       3652   Library Totals

    ----------------------------------------------------------------------

==============================================================================


      Code (inc. data)   RO Data    RW Data    ZI Data      Debug   

     16732       1094        840         12       6148      58126   Grand Totals
     16732       1094        840         12       6148      58126   ELF Image Totals
     16732       1094        840         12          0          0   ROM Totals

==============================================================================

    Total RO  Size (Code + RO Data)                17572 (  17.16kB)
    Total RW  Size (RW Data + ZI Data)              6160 (   6.02kB)
    Total ROM Size (Code + RO Data + RW Data)      17584 (  17.17kB)

==============================================================================

